Component: ARM Compiler 5.06 update 7 (build 960) Tool: armlink [4d3601]

==============================================================================

Section Cross References

    main.o(i.Delay) refers to main.o(.data) for msTicks
    main.o(i.SysTick_Handler) refers to main.o(.data) for msTicks
    main.o(i.init_SysTick_interrupt) refers to aeabi_sdiv.o(.text) for __aeabi_uidivmod
    main.o(i.init_SysTick_interrupt) refers to system_mkl46z4.o(.data) for SystemCoreClock
    main.o(i.init_i2c) refers to pin_mux.o(i.BOARD_InitPins) for BOARD_InitPins
    main.o(i.init_i2c) refers to clock_config.o(i.BOARD_BootClockRUN) for BOARD_BootClockRUN
    main.o(i.init_i2c) refers to board.o(i.BOARD_InitDebugConsole) for BOARD_InitDebugConsole
    main.o(i.init_i2c) refers to pin_mux.o(i.BOARD_I2C_ConfigurePins) for BOARD_I2C_ConfigurePins
    main.o(i.init_i2c) refers to fsl_i2c.o(i.I2C_MasterGetDefaultConfig) for I2C_MasterGetDefaultConfig
    main.o(i.init_i2c) refers to fsl_clock.o(i.CLOCK_GetFreq) for CLOCK_GetFreq
    main.o(i.init_i2c) refers to fsl_i2c.o(i.I2C_MasterInit) for I2C_MasterInit
    main.o(i.ledBlink) refers to main.o(.data) for state
    main.o(i.mag_calculator) refers to dflti.o(.text) for __aeabi_i2d
    main.o(i.mag_calculator) refers to atan2.o(i.atan2) for atan2
    main.o(i.mag_calculator) refers to dmul.o(.text) for __aeabi_dmul
    main.o(i.mag_calculator) refers to ddiv.o(.text) for __aeabi_ddiv
    main.o(i.mag_calculator) refers to dlef.o(x$fpl$dleqf) for __aeabi_cdcmple
    main.o(i.mag_calculator) refers to daddsub.o(.text) for __aeabi_dadd
    main.o(i.mag_calculator) refers to dfixui.o(.text) for __aeabi_d2uiz
    main.o(i.main) refers to main.o(i.init_i2c) for init_i2c
    main.o(i.main) refers to main.o(i.send_i2c) for send_i2c
    main.o(i.main) refers to main.o(i.init_GPIO) for init_GPIO
    main.o(i.main) refers to main.o(i.init_SysTick_interrupt) for init_SysTick_interrupt
    main.o(i.main) refers to lcd.o(i.LCD_Init) for LCD_Init
    main.o(i.main) refers to main.o(i.ledBlink) for ledBlink
    main.o(i.main) refers to main.o(i.read_i2c) for read_i2c
    main.o(i.main) refers to dflti.o(.text) for __aeabi_i2d
    main.o(i.main) refers to atan2.o(i.atan2) for atan2
    main.o(i.main) refers to dmul.o(.text) for __aeabi_dmul
    main.o(i.main) refers to ddiv.o(.text) for __aeabi_ddiv
    main.o(i.main) refers to dlef.o(x$fpl$dleqf) for __aeabi_cdcmple
    main.o(i.main) refers to daddsub.o(.text) for __aeabi_dadd
    main.o(i.main) refers to dfixui.o(.text) for __aeabi_d2uiz
    main.o(i.main) refers to lcd.o(i.LCD_DisplayDemical) for LCD_DisplayDemical
    main.o(i.main) refers to main.o(i.Delay) for Delay
    main.o(i.main) refers to main.o(.data) for state
    main.o(i.read_i2c) refers to fsl_i2c.o(i.I2C_MasterTransferBlocking) for I2C_MasterTransferBlocking
    main.o(i.send_i2c) refers to fsl_i2c.o(i.I2C_MasterTransferBlocking) for I2C_MasterTransferBlocking
    lcd.o(i.LCD_DisplayAll) refers to lcd.o(i.SLCD_SetBackPlanePhase) for SLCD_SetBackPlanePhase
    lcd.o(i.LCD_DisplayAll) refers to lcd.o(i.SLCD_SetFrontPlaneSegments) for SLCD_SetFrontPlaneSegments
    lcd.o(i.LCD_DisplayAll) refers to lcd.o(i.SLCD_StartDisplay) for SLCD_StartDisplay
    lcd.o(i.LCD_DisplayDemical) refers to lcd.o(i.LCD_DisplayError) for LCD_DisplayError
    lcd.o(i.LCD_DisplayDemical) refers to lcd.o(i.SLCD_SetBackPlanePhase) for SLCD_SetBackPlanePhase
    lcd.o(i.LCD_DisplayDemical) refers to aeabi_sdiv.o(.text) for __aeabi_idivmod
    lcd.o(i.LCD_DisplayDemical) refers to lcd.o(i.LCD_SetNum) for LCD_SetNum
    lcd.o(i.LCD_DisplayDemical) refers to lcd.o(i.SLCD_StartDisplay) for SLCD_StartDisplay
    lcd.o(i.LCD_DisplayError) refers to lcd.o(i.SLCD_SetBackPlanePhase) for SLCD_SetBackPlanePhase
    lcd.o(i.LCD_DisplayError) refers to lcd.o(i.SLCD_SetFrontPlaneSegments) for SLCD_SetFrontPlaneSegments
    lcd.o(i.LCD_DisplayError) refers to lcd.o(i.SLCD_StartDisplay) for SLCD_StartDisplay
    lcd.o(i.LCD_DisplayTime) refers to lcd.o(i.LCD_DisplayError) for LCD_DisplayError
    lcd.o(i.LCD_DisplayTime) refers to lcd.o(i.SLCD_SetBackPlanePhase) for SLCD_SetBackPlanePhase
    lcd.o(i.LCD_DisplayTime) refers to aeabi_sdiv.o(.text) for __aeabi_idivmod
    lcd.o(i.LCD_DisplayTime) refers to lcd.o(i.LCD_SetNum) for LCD_SetNum
    lcd.o(i.LCD_DisplayTime) refers to lcd.o(i.SLCD_StartDisplay) for SLCD_StartDisplay
    lcd.o(i.LCD_Init) refers to pin_mux.o(i.BOARD_InitPins) for BOARD_InitPins
    lcd.o(i.LCD_Init) refers to clock_config.o(i.BOARD_BootClockRUN) for BOARD_BootClockRUN
    lcd.o(i.LCD_Init) refers to fsl_slcd.o(i.SLCD_GetDefaultConfig) for SLCD_GetDefaultConfig
    lcd.o(i.LCD_Init) refers to fsl_slcd.o(i.SLCD_Init) for SLCD_Init
    lcd.o(i.LCD_Init) refers to lcd.o(.constdata) for .constdata
    lcd.o(i.LCD_SetNum) refers to lcd.o(i.__ARM_common_switch8) for __ARM_common_switch8
    lcd.o(i.LCD_SetNum) refers to lcd.o(i.SLCD_SetFrontPlaneSegments) for SLCD_SetFrontPlaneSegments
[...]
    ../mathlib/atan.c                        0x00000000   Number         0  atan_x.o ABSOLUTE
    ../mathlib/atan2.c                       0x00000000   Number         0  atan2_x.o ABSOLUTE
    ../mathlib/atan2.c                       0x00000000   Number         0  atan2.o ABSOLUTE
    ../mathlib/dunder.c                      0x00000000   Number         0  dunder.o ABSOLUTE
    ../mathlib/fpclassify.c                  0x00000000   Number         0  fpclassify.o ABSOLUTE
    ../mathlib/poly.c                        0x00000000   Number         0  poly.o ABSOLUTE
    ../mathlib/qnan.c                        0x00000000   Number         0  qnan.o ABSOLUTE
    C:/Users/Claire/Downloads/MDK539/NXP/MKL46Z4_DFP/10.0.3/drivers/fsl_clock.c 0x00000000   Number         0  fsl_clock.o ABSOLUTE
    C:/Users/Claire/Downloads/MDK539/NXP/MKL46Z4_DFP/10.0.3/drivers/fsl_common.c 0x00000000   Number         0  fsl_common.o ABSOLUTE
    C:/Users/Claire/Downloads/MDK539/NXP/MKL46Z4_DFP/10.0.3/drivers/fsl_ftfx_cache.c 0x00000000   Number         0  fsl_ftfx_cache.o ABSOLUTE
    C:/Users/Claire/Downloads/MDK539/NXP/MKL46Z4_DFP/10.0.3/drivers/fsl_ftfx_controller.c 0x00000000   Number         0  fsl_ftfx_controller.o ABSOLUTE
    C:/Users/Claire/Downloads/MDK539/NXP/MKL46Z4_DFP/10.0.3/drivers/fsl_ftfx_flash.c 0x00000000   Number         0  fsl_ftfx_flash.o ABSOLUTE
    C:/Users/Claire/Downloads/MDK539/NXP/MKL46Z4_DFP/10.0.3/drivers/fsl_ftfx_flexnvm.c 0x00000000   Number         0  fsl_ftfx_flexnvm.o ABSOLUTE
    C:/Users/Claire/Downloads/MDK539/NXP/MKL46Z4_DFP/10.0.3/drivers/fsl_gpio.c 0x00000000   Number         0  fsl_gpio.o ABSOLUTE
    C:/Users/Claire/Downloads/MDK539/NXP/MKL46Z4_DFP/10.0.3/drivers/fsl_i2c.c 0x00000000   Number         0  fsl_i2c.o ABSOLUTE
    C:/Users/Claire/Downloads/MDK539/NXP/MKL46Z4_DFP/10.0.3/drivers/fsl_lpsci.c 0x00000000   Number         0  fsl_lpsci.o ABSOLUTE
    C:/Users/Claire/Downloads/MDK539/NXP/MKL46Z4_DFP/10.0.3/drivers/fsl_slcd.c 0x00000000   Number         0  fsl_slcd.o ABSOLUTE
    C:/Users/Claire/Downloads/MDK539/NXP/MKL46Z4_DFP/10.0.3/drivers/fsl_smc.c 0x00000000   Number         0  fsl_smc.o ABSOLUTE
    C:/Users/Claire/Downloads/MDK539/NXP/MKL46Z4_DFP/10.0.3/drivers/fsl_uart.c 0x00000000   Number         0  fsl_uart.o ABSOLUTE
    C:/Users/Claire/Downloads/MDK539/NXP/MKL46Z4_DFP/10.0.3/utilities/fsl_assert.c 0x00000000   Number         0  fsl_assert.o ABSOLUTE
    C:/Users/Claire/Downloads/MDK539/NXP/MKL46Z4_DFP/10.0.3/utilities/fsl_debug_console.c 0x00000000   Number         0  fsl_debug_console.o ABSOLUTE
    C:/Users/Claire/Downloads/MDK539/NXP/MKL46Z4_DFP/10.0.3/utilities/io/fsl_io.c 0x00000000   Number         0  fsl_io.o ABSOLUTE
    C:/Users/Claire/Downloads/MDK539/NXP/MKL46Z4_DFP/10.0.3/utilities/log/fsl_log.c 0x00000000   Number         0  fsl_log.o ABSOLUTE
    C:/Users/Claire/Downloads/MDK539/NXP/MKL46Z4_DFP/10.0.3/utilities/str/fsl_str.c 0x00000000   Number         0  fsl_str.o ABSOLUTE
    C:\Users\Claire\Downloads\MDK539\NXP\MKL46Z4_DFP\10.0.3\drivers\fsl_clock.c 0x00000000   Number         0  fsl_clock.o ABSOLUTE
    C:\Users\Claire\Downloads\MDK539\NXP\MKL46Z4_DFP\10.0.3\drivers\fsl_common.c 0x00000000   Number         0  fsl_common.o ABSOLUTE
    C:\Users\Claire\Downloads\MDK539\NXP\MKL46Z4_DFP\10.0.3\drivers\fsl_ftfx_cache.c 0x00000000   Number         0  fsl_ftfx_cache.o ABSOLUTE
    C:\Users\Claire\Downloads\MDK539\NXP\MKL46Z4_DFP\10.0.3\drivers\fsl_ftfx_controller.c 0x00000000   Number         0  fsl_ftfx_controller.o ABSOLUTE
    C:\Users\Claire\Downloads\MDK539\NXP\MKL46Z4_DFP\10.0.3\drivers\fsl_ftfx_flash.c 0x00000000   Number         0  fsl_ftfx_flash.o ABSOLUTE
    C:\Users\Claire\Downloads\MDK539\NXP\MKL46Z4_DFP\10.0.3\drivers\fsl_ftfx_flexnvm.c 0x00000000   Number         0  fsl_ftfx_flexnvm.o ABSOLUTE
    C:\Users\Claire\Downloads\MDK539\NXP\MKL46Z4_DFP\10.0.3\drivers\fsl_gpio.c 0x00000000   Number         0  fsl_gpio.o ABSOLUTE
    C:\Users\Claire\Downloads\MDK539\NXP\MKL46Z4_DFP\10.0.3\drivers\fsl_i2c.c 0x00000000   Number         0  fsl_i2c.o ABSOLUTE
    C:\Users\Claire\Downloads\MDK539\NXP\MKL46Z4_DFP\10.0.3\drivers\fsl_lpsci.c 0x00000000   Number         0  fsl_lpsci.o ABSOLUTE
    C:\Users\Claire\Downloads\MDK539\NXP\MKL46Z4_DFP\10.0.3\drivers\fsl_slcd.c 0x00000000   Number         0  fsl_slcd.o ABSOLUTE
    C:\Users\Claire\Downloads\MDK539\NXP\MKL46Z4_DFP\10.0.3\drivers\fsl_smc.c 0x00000000   Number         0  fsl_smc.o ABSOLUTE
    C:\Users\Claire\Downloads\MDK539\NXP\MKL46Z4_DFP\10.0.3\drivers\fsl_uart.c 0x00000000   Number         0  fsl_uart.o ABSOLUTE
    C:\Users\Claire\Downloads\MDK539\NXP\MKL46Z4_DFP\10.0.3\utilities\fsl_assert.c 0x00000000   Number         0  fsl_assert.o ABSOLUTE
    C:\Users\Claire\Downloads\MDK539\NXP\MKL46Z4_DFP\10.0.3\utilities\fsl_debug_console.c 0x00000000   Number         0  fsl_debug_console.o ABSOLUTE
    C:\Users\Claire\Downloads\MDK539\NXP\MKL46Z4_DFP\10.0.3\utilities\io\fsl_io.c 0x00000000   Number         0  fsl_io.o ABSOLUTE
    C:\Users\Claire\Downloads\MDK539\NXP\MKL46Z4_DFP\10.0.3\utilities\log\fsl_log.c 0x00000000   Number         0  fsl_log.o ABSOLUTE
    C:\Users\Claire\Downloads\MDK539\NXP\MKL46Z4_DFP\10.0.3\utilities\str\fsl_str.c 0x00000000   Number         0  fsl_str.o ABSOLUTE
    RTE/Board_Support/MKL46Z256VLL4/board.c  0x00000000   Number         0  board.o ABSOLUTE
    RTE/Board_Support/MKL46Z256VLL4/clock_config.c 0x00000000   Number         0  clock_config.o ABSOLUTE
    RTE/Board_Support/MKL46Z256VLL4/peripherals.c 0x00000000   Number         0  peripherals.o ABSOLUTE
    RTE/Board_Support/MKL46Z256VLL4/pin_mux.c 0x00000000   Number         0  pin_mux.o ABSOLUTE
    RTE/Device/MKL46Z256VLL4/startup_MKL46Z4.s 0x00000000   Number         0  startup_mkl46z4.o ABSOLUTE
    RTE/Device/MKL46Z256VLL4/system_MKL46Z4.c 0x00000000   Number         0  system_mkl46z4.o ABSOLUTE
    RTE\Board_Support\MKL46Z256VLL4\board.c  0x00000000   Number         0  board.o ABSOLUTE
    RTE\Board_Support\MKL46Z256VLL4\clock_config.c 0x00000000   Number         0  clock_config.o ABSOLUTE
    RTE\Board_Support\MKL46Z256VLL4\pin_mux.c 0x00000000   Number         0  pin_mux.o ABSOLUTE
    RTE\Device\MKL46Z256VLL4\system_MKL46Z4.c 0x00000000   Number         0  system_mkl46z4.o ABSOLUTE
    dc.s                                     0x00000000   Number         0  dc.o ABSOLUTE
    lcd.c                                    0x00000000   Number         0  lcd.o ABSOLUTE
    lcd.c                                    0x00000000   Number         0  lcd.o ABSOLUTE
    main.c                                   0x00000000   Number         0  main.o ABSOLUTE
    main.c                                   0x00000000   Number         0  main.o ABSOLUTE
    FlashConfig                              0x00000400   Section       16  startup_mkl46z4.o(FlashConfig)
    !!!main                                  0x00000410   Section        8  __main.o(!!!main)
    !!!scatter                               0x00000418   Section       60  __scatter.o(!!!scatter)
    !!handler_copy                           0x00000454   Section       26  __scatter_copy.o(!!handler_copy)
    !!handler_zi                             0x00000470   Section       28  __scatter_zi.o(!!handler_zi)
    .ARM.Collect$$libinit$$00000000          0x0000048c   Section        2  libinit.o(.ARM.Collect$$libinit$$00000000)
    .ARM.Collect$$libinit$$00000002          0x0000048e   Section        0  libinit2.o(.ARM.Collect$$libinit$$00000002)
    .ARM.Collect$$libinit$$00000004          0x0000048e   Section        0  libinit2.o(.ARM.Collect$$libinit$$00000004)
    .ARM.Collect$$libinit$$0000000A          0x0000048e   Section        0  libinit2.o(.ARM.Collect$$libinit$$0000000A)
    .ARM.Collect$$libinit$$0000000C          0x0000048e   Section        0  libinit2.o(.ARM.Collect$$libinit$$0000000C)
    .ARM.Collect$$libinit$$0000000E          0x0000048e   Section        0  libinit2.o(.ARM.Collect$$libinit$$0000000E)
    .ARM.Collect$$libinit$$00000011          0x0000048e   Section        0  libinit2.o(.ARM.Collect$$libinit$$00000011)
    .ARM.Collect$$libinit$$00000013          0x0000048e   Section        0  libinit2.o(.ARM.Collect$$libinit$$00000013)
    .ARM.Collect$$libinit$$00000015          0x0000048e   Section        0  libinit2.o(.ARM.Collect$$libinit$$00000015)
    .ARM.Collect$$libinit$$00000017          0x0000048e   Section        0  libinit2.o(.ARM.Collect$$libinit$$00000017)
    .ARM.Collect$$libinit$$00000019          0x0000048e   Section        0  libinit2.o(.ARM.Collect$$libinit$$00000019)
    .ARM.Collect$$libinit$$0000001B          0x0000048e   Section        0  libinit2.o(.ARM.Collect$$libinit$$0000001B)
    .ARM.Collect$$libinit$$0000001D          0x0000048e   Section        0  libinit2.o(.ARM.Collect$$libinit$$0000001D)
    .ARM.Collect$$libinit$$0000001F          0x0000048e   Section        0  libinit2.o(.ARM.Collect$$libinit$$0000001F)
    .ARM.Collect$$libinit$$00000021          0x0000048e   Section        0  libinit2.o(.ARM.Collect$$libinit$$00000021)
    .ARM.Collect$$libinit$$00000023          0x0000048e   Section        0  libinit2.o(.ARM.Collect$$libinit$$00000023)
    .ARM.Collect$$libinit$$00000025          0x0000048e   Section        0  libinit2.o(.ARM.Collect$$libinit$$00000025)
    .ARM.Collect$$libinit$$0000002C          0x0000048e   Section        0  libinit2.o(.ARM.Collect$$libinit$$0000002C)
    .ARM.Collect$$libinit$$0000002E          0x0000048e   Section        0  libinit2.o(.ARM.Collect$$libinit$$0000002E)
    .ARM.Collect$$libinit$$00000030          0x0000048e   Section        0  libinit2.o(.ARM.Collect$$libinit$$00000030)
    .ARM.Collect$$libinit$$00000032          0x0000048e   Section        0  libinit2.o(.ARM.Collect$$libinit$$00000032)
    .ARM.Collect$$libinit$$00000033          0x0000048e   Section        2  libinit2.o(.ARM.Collect$$libinit$$00000033)
    .ARM.Collect$$libshutdown$$00000000      0x00000490   Section        2  libshutdown.o(.ARM.Collect$$libshutdown$$00000000)
    .ARM.Collect$$libshutdown$$00000002      0x00000492   Section        0  libshutdown2.o(.ARM.Collect$$libshutdown$$00000002)
    .ARM.Collect$$libshutdown$$00000004      0x00000492   Section        0  libshutdown2.o(.ARM.Collect$$libshutdown$$00000004)
    .ARM.Collect$$libshutdown$$00000006      0x00000492   Section        0  libshutdown2.o(.ARM.Collect$$libshutdown$$00000006)
    .ARM.Collect$$libshutdown$$00000009      0x00000492   Section        0  libshutdown2.o(.ARM.Collect$$libshutdown$$00000009)
    .ARM.Collect$$libshutdown$$0000000C      0x00000492   Section        0  libshutdown2.o(.ARM.Collect$$libshutdown$$0000000C)
    .ARM.Collect$$libshutdown$$0000000E      0x00000492   Section        0  libshutdown2.o(.ARM.Collect$$libshutdown$$0000000E)
    .ARM.Collect$$libshutdown$$00000011      0x00000492   Section        0  libshutdown2.o(.ARM.Collect$$libshutdown$$00000011)
    .ARM.Collect$$libshutdown$$00000012      0x00000492   Section        2  libshutdown2.o(.ARM.Collect$$libshutdown$$00000012)
    .ARM.Collect$$rtentry$$00000000          0x00000494   Section        0  __rtentry.o(.ARM.Collect$$rtentry$$00000000)
    .ARM.Collect$$rtentry$$00000002          0x00000494   Section        0  __rtentry2.o(.ARM.Collect$$rtentry$$00000002)
    .ARM.Collect$$rtentry$$00000007          0x00000494   Section        4  __rtentry7.o(.ARM.Collect$$rtentry$$00000007)
    .ARM.Collect$$rtentry$$00000009          0x00000498   Section        0  __rtentry2.o(.ARM.Collect$$rtentry$$00000009)
    .ARM.Collect$$rtentry$$0000000A          0x00000498   Section        4  __rtentry2.o(.ARM.Collect$$rtentry$$0000000A)
    .ARM.Collect$$rtentry$$0000000C          0x0000049c   Section        0  __rtentry2.o(.ARM.Collect$$rtentry$$0000000C)
    .ARM.Collect$$rtentry$$0000000D          0x0000049c   Section        8  __rtentry2.o(.ARM.Collect$$rtentry$$0000000D)
    .ARM.Collect$$rtentry$$00002718          0x000004a4   Section        4  __rtentry7.o(.ARM.Collect$$rtentry$$00002718)
    __lit__00000000                          0x000004a4   Data           4  __rtentry7.o(.ARM.Collect$$rtentry$$00002718)
    .ARM.Collect$$rtexit$$00000000           0x000004a8   Section        2  rtexit.o(.ARM.Collect$$rtexit$$00000000)
    .ARM.Collect$$rtexit$$00000002           0x000004aa   Section        0  rtexit2.o(.ARM.Collect$$rtexit$$00000002)
    .ARM.Collect$$rtexit$$00000003           0x000004aa   Section        4  rtexit2.o(.ARM.Collect$$rtexit$$00000003)
    .ARM.Collect$$rtexit$$00000004           0x000004ae   Section        6  rtexit2.o(.ARM.Collect$$rtexit$$00000004)
    .text                                    0x000004b4   Section      156  startup_mkl46z4.o(.text)
    .text                                    0x00000550   Section        0  strlen.o(.text)
    .text                                    0x00000594   Section        0  rt_memclr.o(.text)
    .text                                    0x000005d4   Section      346  aeabi_sdiv.o(.text)
    .text                                    0x00000730   Section        0  daddsub.o(.text)
    _dadd1                                   0x00000731   Thumb Code   290  daddsub.o(.text)
    _dsub1                                   0x00000853   Thumb Code   470  daddsub.o(.text)
    .text                                    0x00000a88   Section        0  ddiv.o(.text)
    .text                                    0x00000ed0   Section        0  dfixui.o(.text)
    .text                                    0x00000f18   Section        0  dflti.o(.text)
    .text                                    0x00000f70   Section        0  dmul.o(.text)
    .text                                    0x000011b8   Section        0  _rserrno.o(.text)
    .text                                    0x000011d0   Section        0  dcmpin.o(.text)
    .text                                    0x00001260   Section        8  rt_errno_addr_intlibspace.o(.text)
    .text                                    0x00001268   Section        0  cmpret.o(.text)
    .text                                    0x00001298   Section        0  dnan2.o(.text)
    .text                                    0x000012ac   Section        0  dscalbn.o(.text)
    .text                                    0x0000130c   Section        2  use_no_semi.o(.text)
    .text                                    0x0000130e   Section        0  exit.o(.text)
    .text                                    0x0000130e   Section        0  indicate_semi.o(.text)
    .text                                    0x0000131e   Section        0  retnan.o(.text)
    .text                                    0x0000137c   Section        0  sys_exit.o(.text)
    i.BOARD_BootClockRUN                     0x00001388   Section        0  clock_config.o(i.BOARD_BootClockRUN)
    i.BOARD_I2C_ConfigurePins                0x000013f4   Section        0  pin_mux.o(i.BOARD_I2C_ConfigurePins)
    i.BOARD_InitDebugConsole                 0x0000142c   Section        0  board.o(i.BOARD_InitDebugConsole)
    i.BOARD_InitPins                         0x00001468   Section        0  pin_mux.o(i.BOARD_InitPins)
    i.CLOCK_BootToPeeMode                    0x000014a0   Section        0  fsl_clock.o(i.CLOCK_BootToPeeMode)
    i.CLOCK_CONFIG_SetFllExtRefDiv           0x000014fc   Section        0  clock_config.o(i.CLOCK_CONFIG_SetFllExtRefDiv)
    CLOCK_CONFIG_SetFllExtRefDiv             0x000014fd   Thumb Code    22  clock_config.o(i.CLOCK_CONFIG_SetFllExtRefDiv)
    i.CLOCK_EnableClock                      0x00001518   Section        0  pin_mux.o(i.CLOCK_EnableClock)
    CLOCK_EnableClock                        0x00001519   Thumb Code    18  pin_mux.o(i.CLOCK_EnableClock)
    i.CLOCK_EnableClock                      0x00001530   Section        0  fsl_i2c.o(i.CLOCK_EnableClock)
    CLOCK_EnableClock                        0x00001531   Thumb Code    18  fsl_i2c.o(i.CLOCK_EnableClock)
    i.CLOCK_EnablePll0                       0x00001548   Section        0  fsl_clock.o(i.CLOCK_EnablePll0)
    i.CLOCK_GetEr32kClkFreq                  0x000015b0   Section        0  fsl_clock.o(i.CLOCK_GetEr32kClkFreq)
    i.CLOCK_GetFixedFreqClkFreq              0x00001628   Section        0  fsl_clock.o(i.CLOCK_GetFixedFreqClkFreq)
    i.CLOCK_GetFllExtRefClkFreq              0x00001648   Section        0  fsl_clock.o(i.CLOCK_GetFllExtRefClkFreq)
    CLOCK_GetFllExtRefClkFreq                0x00001649   Thumb Code   110  fsl_clock.o(i.CLOCK_GetFllExtRefClkFreq)
    i.CLOCK_GetFllFreq                       0x000016bc   Section        0  fsl_clock.o(i.CLOCK_GetFllFreq)
    i.CLOCK_GetFllRefClkFreq                 0x00001714   Section        0  fsl_clock.o(i.CLOCK_GetFllRefClkFreq)
    CLOCK_GetFllRefClkFreq                   0x00001715   Thumb Code    28  fsl_clock.o(i.CLOCK_GetFllRefClkFreq)
    i.CLOCK_GetFreq                          0x00001738   Section        0  fsl_clock.o(i.CLOCK_GetFreq)
    i.CLOCK_GetInternalRefClkFreq            0x000017e8   Section        0  fsl_clock.o(i.CLOCK_GetInternalRefClkFreq)
    i.CLOCK_GetInternalRefClkSelectFreq      0x00001804   Section        0  fsl_clock.o(i.CLOCK_GetInternalRefClkSelectFreq)
    CLOCK_GetInternalRefClkSelectFreq        0x00001805   Thumb Code    36  fsl_clock.o(i.CLOCK_GetInternalRefClkSelectFreq)
    i.CLOCK_GetMcgExtClkFreq                 0x00001834   Section        0  fsl_clock.o(i.CLOCK_GetMcgExtClkFreq)
    CLOCK_GetMcgExtClkFreq                   0x00001835   Thumb Code    28  fsl_clock.o(i.CLOCK_GetMcgExtClkFreq)
    i.CLOCK_GetOsc0ErClkFreq                 0x00001864   Section        0  fsl_clock.o(i.CLOCK_GetOsc0ErClkFreq)
    i.CLOCK_GetOscRangeFromFreq              0x000018ac   Section        0  fsl_clock.o(i.CLOCK_GetOscRangeFromFreq)
    CLOCK_GetOscRangeFromFreq                0x000018ad   Thumb Code    26  fsl_clock.o(i.CLOCK_GetOscRangeFromFreq)
    i.CLOCK_GetOutClkFreq                    0x000018d0   Section        0  fsl_clock.o(i.CLOCK_GetOutClkFreq)
    i.CLOCK_GetPll0Freq                      0x00001910   Section        0  fsl_clock.o(i.CLOCK_GetPll0Freq)
    i.CLOCK_GetPll0RefFreq                   0x00001970   Section        0  fsl_clock.o(i.CLOCK_GetPll0RefFreq)
    CLOCK_GetPll0RefFreq                     0x00001971   Thumb Code     8  fsl_clock.o(i.CLOCK_GetPll0RefFreq)
    i.CLOCK_GetPllFllSelClkFreq              0x00001978   Section        0  fsl_clock.o(i.CLOCK_GetPllFllSelClkFreq)
    i.CLOCK_InitOsc0                         0x000019b0   Section        0  fsl_clock.o(i.CLOCK_InitOsc0)
    i.CLOCK_SetExternalRefClkConfig          0x00001a28   Section        0  fsl_clock.o(i.CLOCK_SetExternalRefClkConfig)
    i.CLOCK_SetInternalRefClkConfig          0x00001a30   Section        0  fsl_clock.o(i.CLOCK_SetInternalRefClkConfig)
    i.CLOCK_SetPbeMode                       0x00001adc   Section        0  fsl_clock.o(i.CLOCK_SetPbeMode)
    i.CLOCK_SetSimConfig                     0x00001b6c   Section        0  fsl_clock.o(i.CLOCK_SetSimConfig)
    i.ConvertRadixNumToString                0x00001bbc   Section        0  fsl_str.o(i.ConvertRadixNumToString)
    ConvertRadixNumToString                  0x00001bbd   Thumb Code   196  fsl_str.o(i.ConvertRadixNumToString)
    i.DbgConsole_Init                        0x00001c80   Section        0  fsl_debug_console.o(i.DbgConsole_Init)
    i.DbgConsole_Printf                      0x00001cd8   Section        0  fsl_debug_console.o(i.DbgConsole_Printf)
    i.DbgConsole_RelocateLog                 0x00001d1c   Section        0  fsl_debug_console.o(i.DbgConsole_RelocateLog)
    DbgConsole_RelocateLog                   0x00001d1d   Thumb Code    58  fsl_debug_console.o(i.DbgConsole_RelocateLog)
    i.Delay                                  0x00001d58   Section        0  main.o(i.Delay)
    i.I2C0_DriverIRQHandler                  0x00001d70   Section        0  fsl_i2c.o(i.I2C0_DriverIRQHandler)
    i.I2C1_DriverIRQHandler                  0x00001d88   Section        0  fsl_i2c.o(i.I2C1_DriverIRQHandler)
    i.I2C_CheckAndClearError                 0x00001da0   Section        0  fsl_i2c.o(i.I2C_CheckAndClearError)
    I2C_CheckAndClearError                   0x00001da1   Thumb Code    34  fsl_i2c.o(i.I2C_CheckAndClearError)
    i.I2C_GetInstance                        0x00001dc8   Section        0  fsl_i2c.o(i.I2C_GetInstance)
    i.I2C_MasterClearStatusFlags             0x00001e24   Section        0  fsl_i2c.o(i.I2C_MasterClearStatusFlags)
    I2C_MasterClearStatusFlags               0x00001e25   Thumb Code    44  fsl_i2c.o(i.I2C_MasterClearStatusFlags)
    i.I2C_MasterGetDefaultConfig             0x00001e50   Section        0  fsl_i2c.o(i.I2C_MasterGetDefaultConfig)
    i.I2C_MasterGetStatusFlags               0x00001e90   Section        0  fsl_i2c.o(i.I2C_MasterGetStatusFlags)
    i.I2C_MasterInit                         0x00001eb4   Section        0  fsl_i2c.o(i.I2C_MasterInit)
    i.I2C_MasterReadBlocking                 0x00001f68   Section        0  fsl_i2c.o(i.I2C_MasterReadBlocking)
    i.I2C_MasterRepeatedStart                0x00001ffc   Section        0  fsl_i2c.o(i.I2C_MasterRepeatedStart)
    i.I2C_MasterSetBaudRate                  0x00002068   Section        0  fsl_i2c.o(i.I2C_MasterSetBaudRate)
    i.I2C_MasterStart                        0x000020f4   Section        0  fsl_i2c.o(i.I2C_MasterStart)
    i.I2C_MasterStop                         0x00002138   Section        0  fsl_i2c.o(i.I2C_MasterStop)
    i.I2C_MasterTransferBlocking             0x00002154   Section        0  fsl_i2c.o(i.I2C_MasterTransferBlocking)
    i.I2C_MasterWriteBlocking                0x000022ec   Section        0  fsl_i2c.o(i.I2C_MasterWriteBlocking)
    i.I2C_TransferCommonIRQHandler           0x00002394   Section        0  fsl_i2c.o(i.I2C_TransferCommonIRQHandler)
    I2C_TransferCommonIRQHandler             0x00002395   Thumb Code    54  fsl_i2c.o(i.I2C_TransferCommonIRQHandler)
    i.IO_Init                                0x000023d4   Section        0  fsl_io.o(i.IO_Init)
    i.IO_Transfer                            0x000024cc   Section        0  fsl_io.o(i.IO_Transfer)
    i.LCD_DisplayDemical                     0x0000253c   Section        0  lcd.o(i.LCD_DisplayDemical)
    i.LCD_DisplayError                       0x00002620   Section        0  lcd.o(i.LCD_DisplayError)
    i.LCD_Init                               0x000026a8   Section        0  lcd.o(i.LCD_Init)
    i.LCD_SetNum                             0x00002700   Section        0  lcd.o(i.LCD_SetNum)
    i.LOG_Init                               0x000027b8   Section        0  fsl_log.o(i.LOG_Init)
    i.LOG_Pop                                0x000027d6   Section        0  fsl_log.o(i.LOG_Pop)
    i.LOG_Push                               0x00002800   Section        0  fsl_log.o(i.LOG_Push)
    i.LPSCI_ClearStatusFlags                 0x00002834   Section        0  fsl_lpsci.o(i.LPSCI_ClearStatusFlags)
    i.LPSCI_GetDefaultConfig                 0x00002894   Section        0  fsl_lpsci.o(i.LPSCI_GetDefaultConfig)
    i.LPSCI_GetInstance                      0x000028cc   Section        0  fsl_lpsci.o(i.LPSCI_GetInstance)
    i.LPSCI_GetStatusFlags                   0x00002928   Section        0  fsl_lpsci.o(i.LPSCI_GetStatusFlags)
    i.LPSCI_Init                             0x00002938   Section        0  fsl_lpsci.o(i.LPSCI_Init)
    i.LPSCI_ReadBlocking                     0x00002ae8   Section        0  fsl_lpsci.o(i.LPSCI_ReadBlocking)
    i.LPSCI_WriteBlocking                    0x00002b90   Section        0  fsl_lpsci.o(i.LPSCI_WriteBlocking)
    i.PORT_SetPinConfig                      0x00002bd8   Section        0  pin_mux.o(i.PORT_SetPinConfig)
    PORT_SetPinConfig                        0x00002bd9   Thumb Code    36  pin_mux.o(i.PORT_SetPinConfig)
    i.PORT_SetPinMux                         0x00002c08   Section        0  pin_mux.o(i.PORT_SetPinMux)
    PORT_SetPinMux                           0x00002c09   Thumb Code    28  pin_mux.o(i.PORT_SetPinMux)
    i.SLCD_GetDefaultConfig                  0x00002c24   Section        0  fsl_slcd.o(i.SLCD_GetDefaultConfig)
    i.SLCD_GetInstance                       0x00002c5c   Section        0  fsl_slcd.o(i.SLCD_GetInstance)
    SLCD_GetInstance                         0x00002c5d   Thumb Code    48  fsl_slcd.o(i.SLCD_GetInstance)
    i.SLCD_Init                              0x00002cb8   Section        0  fsl_slcd.o(i.SLCD_Init)
    i.SLCD_SetBackPlanePhase                 0x00002eb4   Section        0  lcd.o(i.SLCD_SetBackPlanePhase)
    SLCD_SetBackPlanePhase                   0x00002eb5   Thumb Code     8  lcd.o(i.SLCD_SetBackPlanePhase)
    i.SLCD_SetFrontPlaneSegments             0x00002ebc   Section        0  lcd.o(i.SLCD_SetFrontPlaneSegments)
    SLCD_SetFrontPlaneSegments               0x00002ebd   Thumb Code     8  lcd.o(i.SLCD_SetFrontPlaneSegments)
    i.SLCD_StartDisplay                      0x00002ec4   Section        0  lcd.o(i.SLCD_StartDisplay)
    SLCD_StartDisplay                        0x00002ec5   Thumb Code    10  lcd.o(i.SLCD_StartDisplay)
    i.StrFormatPrintf                        0x00002ece   Section        0  fsl_str.o(i.StrFormatPrintf)
    i.SysTick_Handler                        0x00003100   Section        0  main.o(i.SysTick_Handler)
    i.SystemInit                             0x0000312c   Section        0  system_mkl46z4.o(i.SystemInit)
    i.SystemInitHook                         0x00003140   Section        0  system_mkl46z4.o(i.SystemInitHook)
    i.UART0_DriverIRQHandler                 0x00003144   Section        0  fsl_lpsci.o(i.UART0_DriverIRQHandler)
    i.UART1_DriverIRQHandler                 0x00003160   Section        0  fsl_uart.o(i.UART1_DriverIRQHandler)
    i.UART2_DriverIRQHandler                 0x0000317c   Section        0  fsl_uart.o(i.UART2_DriverIRQHandler)
    i.UART_GetDefaultConfig                  0x00003198   Section        0  fsl_uart.o(i.UART_GetDefaultConfig)
    i.UART_GetInstance                       0x000031d0   Section        0  fsl_uart.o(i.UART_GetInstance)
    i.UART_GetStatusFlags                    0x00003228   Section        0  fsl_uart.o(i.UART_GetStatusFlags)
    i.UART_Init                              0x00003238   Section        0  fsl_uart.o(i.UART_Init)
    i.UART_ReadBlocking                      0x00003384   Section        0  fsl_uart.o(i.UART_ReadBlocking)
    i.UART_WriteBlocking                     0x00003410   Section        0  fsl_uart.o(i.UART_WriteBlocking)
    i.__ARM_common_switch8                   0x00003430   Section        0  lcd.o(i.__ARM_common_switch8)
    i.__ARM_fpclassify                       0x0000344c   Section        0  fpclassify.o(i.__ARM_fpclassify)
    i.__aeabi_assert                         0x00003478   Section        0  fsl_assert.o(i.__aeabi_assert)
    i.__kernel_poly                          0x000034bc   Section        0  poly.o(i.__kernel_poly)
    i.__mathlib_dbl_infnan                   0x00003568   Section        0  dunder.o(i.__mathlib_dbl_infnan)
    i.__mathlib_dbl_infnan2                  0x00003572   Section        0  dunder.o(i.__mathlib_dbl_infnan2)
    i.__mathlib_dbl_underflow                0x0000357c   Section        0  dunder.o(i.__mathlib_dbl_underflow)
    i.atan                                   0x00003590   Section        0  atan.o(i.atan)
    i.atan2                                  0x000037ac   Section        0  atan2.o(i.atan2)
    i.init_GPIO                              0x00003948   Section        0  main.o(i.init_GPIO)
    i.init_SysTick_interrupt                 0x000039d4   Section        0  main.o(i.init_SysTick_interrupt)
    i.init_i2c                               0x00003a14   Section        0  main.o(i.init_i2c)
    i.ledBlink                               0x00003a4c   Section        0  main.o(i.ledBlink)
    i.main                                   0x00003ac4   Section        0  main.o(i.main)
    i.read_i2c                               0x00003bfc   Section        0  main.o(i.read_i2c)
    i.send_i2c                               0x00003c2c   Section        0  main.o(i.send_i2c)
    x$fpl$deqf                               0x00003c60   Section      100  deqf.o(x$fpl$deqf)
    x$fpl$dleqf                              0x00003cc4   Section      100  dlef.o(x$fpl$dleqf)
    .constdata                               0x00003d28   Section        4  lcd.o(.constdata)
    x$fpl$usenofp                            0x00003d28   Section        0  usenofp.o(x$fpl$usenofp)
    .constdata                               0x00003d2c   Section       56  clock_config.o(.constdata)
    .constdata                               0x00003d64   Section        6  pin_mux.o(.constdata)
    .constdata                               0x00003d6c   Section       96  fsl_clock.o(.constdata)
    mcgModeMatrix                            0x00003d6c   Data          64  fsl_clock.o(.constdata)
    fllFactorTable                           0x00003dac   Data          16  fsl_clock.o(.constdata)
    trimRange                                0x00003dbc   Data          16  fsl_clock.o(.constdata)
    .constdata                               0x00003dcc   Section      148  fsl_i2c.o(.constdata)
    s_i2cDividerTable                        0x00003dd4   Data         128  fsl_i2c.o(.constdata)
    s_i2cIrqs                                0x00003e54   Data           2  fsl_i2c.o(.constdata)
    s_i2cClocks                              0x00003e58   Data           8  fsl_i2c.o(.constdata)
    .constdata                               0x00003e60   Section       12  fsl_lpsci.o(.constdata)
    s_lpsciBases                             0x00003e60   Data           4  fsl_lpsci.o(.constdata)
    s_lpsciIRQ                               0x00003e64   Data           1  fsl_lpsci.o(.constdata)
    s_lpsciClock                             0x00003e68   Data           4  fsl_lpsci.o(.constdata)
    .constdata                               0x00003e6c   Section        8  fsl_slcd.o(.constdata)
    s_slcdClock                              0x00003e6c   Data           4  fsl_slcd.o(.constdata)
    s_slcdBases                              0x00003e70   Data           4  fsl_slcd.o(.constdata)
    .constdata                               0x00003e74   Section       28  fsl_uart.o(.constdata)
    s_uartBases                              0x00003e74   Data          12  fsl_uart.o(.constdata)
    s_uartIRQ                                0x00003e80   Data           3  fsl_uart.o(.constdata)
    s_uartClock                              0x00003e84   Data          12  fsl_uart.o(.constdata)
    .constdata                               0x00003e90   Section      128  ddiv.o(.constdata)
    ddiv_reciptbl                            0x00003e90   Data         128  ddiv.o(.constdata)
    .constdata                               0x00003f10   Section      152  atan.o(.constdata)
    atanhi                                   0x00003f10   Data          32  atan.o(.constdata)
    atanlo                                   0x00003f30   Data          32  atan.o(.constdata)
    aTodd                                    0x00003f50   Data          40  atan.o(.constdata)
    aTeven                                   0x00003f78   Data          48  atan.o(.constdata)
    .constdata                               0x00003fa8   Section        8  qnan.o(.constdata)
    .conststring                             0x00003fb0   Section       75  pin_mux.o(.conststring)
    .conststring                             0x00003ffc   Section       76  fsl_clock.o(.conststring)
    .conststring                             0x00004048   Section       74  fsl_i2c.o(.conststring)
    .conststring                             0x00004094   Section       76  fsl_lpsci.o(.conststring)
    .conststring                             0x000040e0   Section       75  fsl_slcd.o(.conststring)
    .conststring                             0x0000412c   Section       75  fsl_uart.o(.conststring)
    .conststring                             0x00004178   Section       86  fsl_debug_console.o(.conststring)
    .conststring                             0x000041d0   Section       78  fsl_io.o(.conststring)
    .conststring                             0x00004220   Section       80  fsl_log.o(.conststring)
    .data                                    0x1fffe000   Section       13  main.o(.data)
    .data                                    0x1fffe010   Section       16  fsl_clock.o(.data)
    s_slowIrcFreq                            0x1fffe010   Data           4  fsl_clock.o(.data)
    s_fastIrcFreq                            0x1fffe014   Data           4  fsl_clock.o(.data)
    .data                                    0x1fffe020   Section       16  fsl_i2c.o(.data)
    s_i2cHandle                              0x1fffe020   Data           8  fsl_i2c.o(.data)
    s_i2cMasterIsr                           0x1fffe028   Data           4  fsl_i2c.o(.data)
    s_i2cSlaveIsr                            0x1fffe02c   Data           4  fsl_i2c.o(.data)
    .data                                    0x1fffe030   Section        8  fsl_lpsci.o(.data)
    s_lpsciHandle                            0x1fffe030   Data           4  fsl_lpsci.o(.data)
    s_lpsciIsr                               0x1fffe034   Data           4  fsl_lpsci.o(.data)
    .data                                    0x1fffe038   Section        4  fsl_uart.o(.data)
    s_uartIsr                                0x1fffe038   Data           4  fsl_uart.o(.data)
    .data                                    0x1fffe03c   Section        8  fsl_io.o(.data)
    s_debugConsoleIO                         0x1fffe03c   Data           8  fsl_io.o(.data)
    .data                                    0x1fffe044   Section        4  system_mkl46z4.o(.data)
    .bss                                     0x1fffe048   Section       12  fsl_uart.o(.bss)
    s_uartHandle                             0x1fffe048   Data          12  fsl_uart.o(.bss)
    .bss                                     0x1fffe054   Section       96  libspace.o(.bss)

    Global Symbols

    Symbol Name                              Value     Ov Type        Size  Object(Section)

    BuildAttributes$$THM_ISAv3M$S$PE$A:L22$X:L11$S22$IEEE1$IW$USESV6$~STKCKD$USESV7$~SHL$OTIME$ROPI$IEEEX$EBA8$UX$STANDARDLIB$REQ8$PRES8$EABIv2 0x00000000   Number         0  anon$$obj.o ABSOLUTE
    __ARM_use_no_argv                        0x00000000   Number         0  main.o ABSOLUTE
    __Vectors                                0x00000000   Data           4  startup_mkl46z4.o(RESET)
    Image$$ZI$$Limit                          - Undefined Weak Reference
    __ARM_exceptions_init                     - Undefined Weak Reference
    __alloca_initialize                       - Undefined Weak Reference
    __arm_fini_                               - Undefined Weak Reference
    __arm_preinit_                            - Undefined Weak Reference
    __cpp_initialize__aeabi_                  - Undefined Weak Reference
    __cxa_finalize                            - Undefined Weak Reference
    __rt_locale                               - Undefined Weak Reference
    __sigvec_lookup                           - Undefined Weak Reference
    __user_heap_extent                        - Undefined Weak Reference
    _atexit_init                              - Undefined Weak Reference
    _call_atexit_fns                          - Undefined Weak Reference
    _clock_init                               - Undefined Weak Reference
    _fp_trap_init                             - Undefined Weak Reference
    _fp_trap_shutdown                         - Undefined Weak Reference
    _get_lc_collate                           - Undefined Weak Reference
    _get_lc_ctype                             - Undefined Weak Reference
    _get_lc_monetary                          - Undefined Weak Reference
    _get_lc_numeric                           - Undefined Weak Reference
    _get_lc_time                              - Undefined Weak Reference
    _getenv_init                              - Undefined Weak Reference
    _handle_redirection                       - Undefined Weak Reference
    _initio                                   - Undefined Weak Reference
    _mutex_acquire                            - Undefined Weak Reference
    _mutex_free                               - Undefined Weak Reference
    _mutex_release                            - Undefined Weak Reference
    _rand_init                                - Undefined Weak Reference
    _signal_finish                            - Undefined Weak Reference
    _signal_init                              - Undefined Weak Reference
    _terminateio                              - Undefined Weak Reference
    __Vectors_End                            0x000000c0   Data           0  startup_mkl46z4.o(RESET)
    __Vectors_Size                           0x000000c0   Number         0  startup_mkl46z4.o ABSOLUTE
    __main                                   0x00000411   Thumb Code     8  __main.o(!!!main)
    __scatterload                            0x00000419   Thumb Code     0  __scatter.o(!!!scatter)
    __scatterload_rt2                        0x00000419   Thumb Code    52  __scatter.o(!!!scatter)
    __scatterload_rt2_thumb_only             0x00000419   Thumb Code     0  __scatter.o(!!!scatter)
    __scatterload_null                       0x00000429   Thumb Code     0  __scatter.o(!!!scatter)
    __scatterload_copy                       0x00000455   Thumb Code    26  __scatter_copy.o(!!handler_copy)
    __scatterload_zeroinit                   0x00000471   Thumb Code    28  __scatter_zi.o(!!handler_zi)
    __rt_lib_init                            0x0000048d   Thumb Code     0  libinit.o(.ARM.Collect$$libinit$$00000000)
    __rt_lib_init_alloca_1                   0x0000048f   Thumb Code     0  libinit2.o(.ARM.Collect$$libinit$$0000002E)
    __rt_lib_init_argv_1                     0x0000048f   Thumb Code     0  libinit2.o(.ARM.Collect$$libinit$$0000002C)
    __rt_lib_init_atexit_1                   0x0000048f   Thumb Code     0  libinit2.o(.ARM.Collect$$libinit$$0000001B)
    __rt_lib_init_clock_1                    0x0000048f   Thumb Code     0  libinit2.o(.ARM.Collect$$libinit$$00000021)
    __rt_lib_init_cpp_1                      0x0000048f   Thumb Code     0  libinit2.o(.ARM.Collect$$libinit$$00000032)
    __rt_lib_init_exceptions_1               0x0000048f   Thumb Code     0  libinit2.o(.ARM.Collect$$libinit$$00000030)
    __rt_lib_init_fp_1                       0x0000048f   Thumb Code     0  libinit2.o(.ARM.Collect$$libinit$$00000002)
    __rt_lib_init_fp_trap_1                  0x0000048f   Thumb Code     0  libinit2.o(.ARM.Collect$$libinit$$0000001F)
    __rt_lib_init_getenv_1                   0x0000048f   Thumb Code     0  libinit2.o(.ARM.Collect$$libinit$$00000023)
    __rt_lib_init_heap_1                     0x0000048f   Thumb Code     0  libinit2.o(.ARM.Collect$$libinit$$0000000A)
    __rt_lib_init_lc_collate_1               0x0000048f   Thumb Code     0  libinit2.o(.ARM.Collect$$libinit$$00000011)
    __rt_lib_init_lc_ctype_1                 0x0000048f   Thumb Code     0  libinit2.o(.ARM.Collect$$libinit$$00000013)
    __rt_lib_init_lc_monetary_1              0x0000048f   Thumb Code     0  libinit2.o(.ARM.Collect$$libinit$$00000015)
    __rt_lib_init_lc_numeric_1               0x0000048f   Thumb Code     0  libinit2.o(.ARM.Collect$$libinit$$00000017)
    __rt_lib_init_lc_time_1                  0x0000048f   Thumb Code     0  libinit2.o(.ARM.Collect$$libinit$$00000019)
    __rt_lib_init_preinit_1                  0x0000048f   Thumb Code     0  libinit2.o(.ARM.Collect$$libinit$$00000004)
    __rt_lib_init_rand_1                     0x0000048f   Thumb Code     0  libinit2.o(.ARM.Collect$$libinit$$0000000E)
    __rt_lib_init_return                     0x0000048f   Thumb Code     0  libinit2.o(.ARM.Collect$$libinit$$00000033)
    __rt_lib_init_signal_1                   0x0000048f   Thumb Code     0  libinit2.o(.ARM.Collect$$libinit$$0000001D)
    __rt_lib_init_stdio_1                    0x0000048f   Thumb Code     0  libinit2.o(.ARM.Collect$$libinit$$00000025)
    __rt_lib_init_user_alloc_1               0x0000048f   Thumb Code     0  libinit2.o(.ARM.Collect$$libinit$$0000000C)
    __rt_lib_shutdown                        0x00000491   Thumb Code     0  libshutdown.o(.ARM.Collect$$libshutdown$$00000000)
    __rt_lib_shutdown_cpp_1                  0x00000493   Thumb Code     0  libshutdown2.o(.ARM.Collect$$libshutdown$$00000004)
    __rt_lib_shutdown_fini_1                 0x00000493   Thumb Code     0  libshutdown2.o(.ARM.Collect$$libshutdown$$00000002)
    __rt_lib_shutdown_fp_trap_1              0x00000493   Thumb Code     0  libshutdown2.o(.ARM.Collect$$libshutdown$$00000009)
    __rt_lib_shutdown_heap_1                 0x00000493   Thumb Code     0  libshutdown2.o(.ARM.Collect$$libshutdown$$00000011)
    __rt_lib_shutdown_return                 0x00000493   Thumb Code     0  libshutdown2.o(.ARM.Collect$$libshutdown$$00000012)
    __rt_lib_shutdown_signal_1               0x00000493   Thumb Code     0  libshutdown2.o(.ARM.Collect$$libshutdown$$0000000C)
    __rt_lib_shutdown_stdio_1                0x00000493   Thumb Code     0  libshutdown2.o(.ARM.Collect$$libshutdown$$00000006)
    __rt_lib_shutdown_user_alloc_1           0x00000493   Thumb Code     0  libshutdown2.o(.ARM.Collect$$libshutdown$$0000000E)
    __rt_entry                               0x00000495   Thumb Code     0  __rtentry.o(.ARM.Collect$$rtentry$$00000000)
    __rt_entry_presh_1                       0x00000495   Thumb Code     0  __rtentry2.o(.ARM.Collect$$rtentry$$00000002)
    __rt_entry_sh                            0x00000495   Thumb Code     0  __rtentry7.o(.ARM.Collect$$rtentry$$00000007)
    __rt_entry_li                            0x00000499   Thumb Code     0  __rtentry2.o(.ARM.Collect$$rtentry$$0000000A)
    __rt_entry_postsh_1                      0x00000499   Thumb Code     0  __rtentry2.o(.ARM.Collect$$rtentry$$00000009)
    __rt_entry_main                          0x0000049d   Thumb Code     0  __rtentry2.o(.ARM.Collect$$rtentry$$0000000D)
    __rt_entry_postli_1                      0x0000049d   Thumb Code     0  __rtentry2.o(.ARM.Collect$$rtentry$$0000000C)
    __rt_exit                                0x000004a9   Thumb Code     0  rtexit.o(.ARM.Collect$$rtexit$$00000000)
    __rt_exit_ls                             0x000004ab   Thumb Code     0  rtexit2.o(.ARM.Collect$$rtexit$$00000003)
    __rt_exit_prels_1                        0x000004ab   Thumb Code     0  rtexit2.o(.ARM.Collect$$rtexit$$00000002)
    __rt_exit_exit                           0x000004af   Thumb Code     0  rtexit2.o(.ARM.Collect$$rtexit$$00000004)
    Reset_Handler                            0x000004b5   Thumb Code    24  startup_mkl46z4.o(.text)
    NMI_Handler                              0x000004cd   Thumb Code     2  startup_mkl46z4.o(.text)
    HardFault_Handler                        0x000004cf   Thumb Code     2  startup_mkl46z4.o(.text)
    SVC_Handler                              0x000004d1   Thumb Code     2  startup_mkl46z4.o(.text)
    PendSV_Handler                           0x000004d3   Thumb Code     2  startup_mkl46z4.o(.text)
    DMA0_IRQHandler                          0x000004d7   Thumb Code     4  startup_mkl46z4.o(.text)
    DMA1_IRQHandler                          0x000004db   Thumb Code     4  startup_mkl46z4.o(.text)
    DMA2_IRQHandler                          0x000004df   Thumb Code     4  startup_mkl46z4.o(.text)
    DMA3_IRQHandler                          0x000004e3   Thumb Code     4  startup_mkl46z4.o(.text)
    I2C0_IRQHandler                          0x000004e7   Thumb Code     4  startup_mkl46z4.o(.text)
    I2C1_IRQHandler                          0x000004eb   Thumb Code     4  startup_mkl46z4.o(.text)
    SPI0_IRQHandler                          0x000004ef   Thumb Code     4  startup_mkl46z4.o(.text)
    SPI1_IRQHandler                          0x000004f3   Thumb Code     4  startup_mkl46z4.o(.text)
    UART0_IRQHandler                         0x000004f7   Thumb Code     4  startup_mkl46z4.o(.text)
    UART1_IRQHandler                         0x000004fb   Thumb Code     4  startup_mkl46z4.o(.text)
    UART2_IRQHandler                         0x000004ff   Thumb Code     4  startup_mkl46z4.o(.text)
    I2S0_IRQHandler                          0x00000503   Thumb Code     4  startup_mkl46z4.o(.text)
    ADC0_IRQHandler                          0x00000507   Thumb Code     0  startup_mkl46z4.o(.text)
    CMP0_IRQHandler                          0x00000507   Thumb Code     0  startup_mkl46z4.o(.text)
    DAC0_IRQHandler                          0x00000507   Thumb Code     0  startup_mkl46z4.o(.text)
    DMA0_DriverIRQHandler                    0x00000507   Thumb Code     0  startup_mkl46z4.o(.text)
    DMA1_DriverIRQHandler                    0x00000507   Thumb Code     0  startup_mkl46z4.o(.text)
    DMA2_DriverIRQHandler                    0x00000507   Thumb Code     0  startup_mkl46z4.o(.text)
    DMA3_DriverIRQHandler                    0x00000507   Thumb Code     0  startup_mkl46z4.o(.text)
    DefaultISR                               0x00000507   Thumb Code     0  startup_mkl46z4.o(.text)
    FTFA_IRQHandler                          0x00000507   Thumb Code     0  startup_mkl46z4.o(.text)
    I2S0_DriverIRQHandler                    0x00000507   Thumb Code     0  startup_mkl46z4.o(.text)
    LCD_IRQHandler                           0x00000507   Thumb Code     0  startup_mkl46z4.o(.text)
    LLWU_IRQHandler                          0x00000507   Thumb Code     0  startup_mkl46z4.o(.text)
    LPTMR0_IRQHandler                        0x00000507   Thumb Code     0  startup_mkl46z4.o(.text)
    LVD_LVW_IRQHandler                       0x00000507   Thumb Code     0  startup_mkl46z4.o(.text)
    MCG_IRQHandler                           0x00000507   Thumb Code     0  startup_mkl46z4.o(.text)
    PIT_IRQHandler                           0x00000507   Thumb Code     0  startup_mkl46z4.o(.text)
    PORTA_IRQHandler                         0x00000507   Thumb Code     0  startup_mkl46z4.o(.text)
    PORTC_PORTD_IRQHandler                   0x00000507   Thumb Code     0  startup_mkl46z4.o(.text)
    RTC_IRQHandler                           0x00000507   Thumb Code     0  startup_mkl46z4.o(.text)
    RTC_Seconds_IRQHandler                   0x00000507   Thumb Code     0  startup_mkl46z4.o(.text)
    Reserved20_IRQHandler                    0x00000507   Thumb Code     0  startup_mkl46z4.o(.text)
    SPI0_DriverIRQHandler                    0x00000507   Thumb Code     0  startup_mkl46z4.o(.text)
    SPI1_DriverIRQHandler                    0x00000507   Thumb Code     0  startup_mkl46z4.o(.text)
    TPM0_IRQHandler                          0x00000507   Thumb Code     0  startup_mkl46z4.o(.text)
    TPM1_IRQHandler                          0x00000507   Thumb Code     0  startup_mkl46z4.o(.text)
    TPM2_IRQHandler                          0x00000507   Thumb Code     0  startup_mkl46z4.o(.text)
    TSI0_IRQHandler                          0x00000507   Thumb Code     0  startup_mkl46z4.o(.text)
    USB0_IRQHandler                          0x00000507   Thumb Code     0  startup_mkl46z4.o(.text)
    strlen                                   0x00000551   Thumb Code    62  strlen.o(.text)
    _memset_w                                0x00000595   Thumb Code    26  rt_memclr.o(.text)
    _memset                                  0x000005af   Thumb Code    30  rt_memclr.o(.text)
    __aeabi_memclr                           0x000005cd   Thumb Code     4  rt_memclr.o(.text)
    __rt_memclr                              0x000005cd   Thumb Code     0  rt_memclr.o(.text)
    __aeabi_memclr4                          0x000005d1   Thumb Code     0  rt_memclr.o(.text)
    __aeabi_memclr8                          0x000005d1   Thumb Code     0  rt_memclr.o(.text)
    __rt_memclr_w                            0x000005d1   Thumb Code     4  rt_memclr.o(.text)
    __aeabi_uidiv                            0x000005d5   Thumb Code     0  aeabi_sdiv.o(.text)
    __aeabi_uidivmod                         0x000005d5   Thumb Code    20  aeabi_sdiv.o(.text)
    __aeabi_idiv                             0x000005e9   Thumb Code     0  aeabi_sdiv.o(.text)
    __aeabi_idivmod                          0x000005e9   Thumb Code   326  aeabi_sdiv.o(.text)
    __aeabi_dadd                             0x00000a29   Thumb Code     0  daddsub.o(.text)
    _dadd                                    0x00000a29   Thumb Code    26  daddsub.o(.text)
    __aeabi_dsub                             0x00000a43   Thumb Code     0  daddsub.o(.text)
    _dsub                                    0x00000a43   Thumb Code    22  daddsub.o(.text)
    __aeabi_drsub                            0x00000a59   Thumb Code     0  daddsub.o(.text)
    _drsb                                    0x00000a59   Thumb Code    28  daddsub.o(.text)
    __aeabi_ddiv                             0x00000a89   Thumb Code     0  ddiv.o(.text)
    _ddiv                                    0x00000a89   Thumb Code  1072  ddiv.o(.text)
    _drdiv                                   0x00000eb9   Thumb Code    20  ddiv.o(.text)
    __aeabi_d2uiz                            0x00000ed1   Thumb Code     0  dfixui.o(.text)
    _dfixu                                   0x00000ed1   Thumb Code    68  dfixui.o(.text)
    __aeabi_i2d_normalise                    0x00000f19   Thumb Code    66  dflti.o(.text)
    __aeabi_i2d                              0x00000f5b   Thumb Code    16  dflti.o(.text)
    _dflt                                    0x00000f5b   Thumb Code     0  dflti.o(.text)
    __aeabi_ui2d                             0x00000f6b   Thumb Code     6  dflti.o(.text)
    _dfltu                                   0x00000f6b   Thumb Code     0  dflti.o(.text)
    __aeabi_dmul                             0x00000f71   Thumb Code     0  dmul.o(.text)
    _dmul                                    0x00000f71   Thumb Code   558  dmul.o(.text)
    __read_errno                             0x000011b9   Thumb Code    10  _rserrno.o(.text)
    __set_errno                              0x000011c3   Thumb Code    12  _rserrno.o(.text)
    __fpl_dcmp_InfNaN                        0x000011d1   Thumb Code   140  dcmpin.o(.text)
    __aeabi_errno_addr                       0x00001261   Thumb Code     8  rt_errno_addr_intlibspace.o(.text)
    __errno$intlibspace                      0x00001261   Thumb Code     0  rt_errno_addr_intlibspace.o(.text)
    __rt_errno_addr$intlibspace              0x00001261   Thumb Code     0  rt_errno_addr_intlibspace.o(.text)
    __fpl_cmpreturn                          0x00001269   Thumb Code    46  cmpret.o(.text)
    __fpl_dcheck_NaN2                        0x00001299   Thumb Code    14  dnan2.o(.text)
    __ARM_scalbn                             0x000012ad   Thumb Code    84  dscalbn.o(.text)
    __I$use$semihosting                      0x0000130d   Thumb Code     0  use_no_semi.o(.text)
    __use_no_semihosting_swi                 0x0000130d   Thumb Code     2  use_no_semi.o(.text)
    __semihosting_library_function           0x0000130f   Thumb Code     0  indicate_semi.o(.text)
    exit                                     0x0000130f   Thumb Code    16  exit.o(.text)
    __fpl_return_NaN                         0x0000131f   Thumb Code    94  retnan.o(.text)
    _sys_exit                                0x0000137d   Thumb Code     8  sys_exit.o(.text)
    BOARD_BootClockRUN                       0x00001389   Thumb Code    74  clock_config.o(i.BOARD_BootClockRUN)
    BOARD_I2C_ConfigurePins                  0x000013f5   Thumb Code    44  pin_mux.o(i.BOARD_I2C_ConfigurePins)
    BOARD_InitDebugConsole                   0x0000142d   Thumb Code    52  board.o(i.BOARD_InitDebugConsole)
    BOARD_InitPins                           0x00001469   Thumb Code    42  pin_mux.o(i.BOARD_InitPins)
    CLOCK_BootToPeeMode                      0x000014a1   Thumb Code    70  fsl_clock.o(i.CLOCK_BootToPeeMode)
    CLOCK_EnablePll0                         0x00001549   Thumb Code    86  fsl_clock.o(i.CLOCK_EnablePll0)
    CLOCK_GetEr32kClkFreq                    0x000015b1   Thumb Code    92  fsl_clock.o(i.CLOCK_GetEr32kClkFreq)
    CLOCK_GetFixedFreqClkFreq                0x00001629   Thumb Code    30  fsl_clock.o(i.CLOCK_GetFixedFreqClkFreq)
    CLOCK_GetFllFreq                         0x000016bd   Thumb Code    78  fsl_clock.o(i.CLOCK_GetFllFreq)
    CLOCK_GetFreq                            0x00001739   Thumb Code   172  fsl_clock.o(i.CLOCK_GetFreq)
    CLOCK_GetInternalRefClkFreq              0x000017e9   Thumb Code    22  fsl_clock.o(i.CLOCK_GetInternalRefClkFreq)
    CLOCK_GetOsc0ErClkFreq                   0x00001865   Thumb Code    46  fsl_clock.o(i.CLOCK_GetOsc0ErClkFreq)
    CLOCK_GetOutClkFreq                      0x000018d1   Thumb Code    60  fsl_clock.o(i.CLOCK_GetOutClkFreq)
    CLOCK_GetPll0Freq                        0x00001911   Thumb Code    72  fsl_clock.o(i.CLOCK_GetPll0Freq)
    CLOCK_GetPllFllSelClkFreq                0x00001979   Thumb Code    52  fsl_clock.o(i.CLOCK_GetPllFllSelClkFreq)
    CLOCK_InitOsc0                           0x000019b1   Thumb Code   110  fsl_clock.o(i.CLOCK_InitOsc0)
    CLOCK_SetExternalRefClkConfig            0x00001a29   Thumb Code     6  fsl_clock.o(i.CLOCK_SetExternalRefClkConfig)
    CLOCK_SetInternalRefClkConfig            0x00001a31   Thumb Code   166  fsl_clock.o(i.CLOCK_SetInternalRefClkConfig)
    CLOCK_SetPbeMode                         0x00001add   Thumb Code   126  fsl_clock.o(i.CLOCK_SetPbeMode)
    CLOCK_SetSimConfig                       0x00001b6d   Thumb Code    70  fsl_clock.o(i.CLOCK_SetSimConfig)
    DbgConsole_Init                          0x00001c81   Thumb Code    40  fsl_debug_console.o(i.DbgConsole_Init)
    DbgConsole_Printf                        0x00001cd9   Thumb Code    62  fsl_debug_console.o(i.DbgConsole_Printf)
    Delay                                    0x00001d59   Thumb Code    18  main.o(i.Delay)
    I2C0_DriverIRQHandler                    0x00001d71   Thumb Code    14  fsl_i2c.o(i.I2C0_DriverIRQHandler)
    I2C1_DriverIRQHandler                    0x00001d89   Thumb Code    14  fsl_i2c.o(i.I2C1_DriverIRQHandler)
    I2C_GetInstance                          0x00001dc9   Thumb Code    48  fsl_i2c.o(i.I2C_GetInstance)
    I2C_MasterGetDefaultConfig               0x00001e51   Thumb Code    36  fsl_i2c.o(i.I2C_MasterGetDefaultConfig)
    I2C_MasterGetStatusFlags                 0x00001e91   Thumb Code    34  fsl_i2c.o(i.I2C_MasterGetStatusFlags)
    I2C_MasterInit                           0x00001eb5   Thumb Code   140  fsl_i2c.o(i.I2C_MasterInit)
    I2C_MasterReadBlocking                   0x00001f69   Thumb Code   146  fsl_i2c.o(i.I2C_MasterReadBlocking)
    I2C_MasterRepeatedStart                  0x00001ffd   Thumb Code   104  fsl_i2c.o(i.I2C_MasterRepeatedStart)
    I2C_MasterSetBaudRate                    0x00002069   Thumb Code   136  fsl_i2c.o(i.I2C_MasterSetBaudRate)
    I2C_MasterStart                          0x000020f5   Thumb Code    62  fsl_i2c.o(i.I2C_MasterStart)
    I2C_MasterStop                           0x00002139   Thumb Code    26  fsl_i2c.o(i.I2C_MasterStop)
    I2C_MasterTransferBlocking               0x00002155   Thumb Code   388  fsl_i2c.o(i.I2C_MasterTransferBlocking)
    I2C_MasterWriteBlocking                  0x000022ed   Thumb Code   162  fsl_i2c.o(i.I2C_MasterWriteBlocking)
    IO_Init                                  0x000023d5   Thumb Code   226  fsl_io.o(i.IO_Init)
    IO_Transfer                              0x000024cd   Thumb Code   108  fsl_io.o(i.IO_Transfer)
    LCD_DisplayDemical                       0x0000253d   Thumb Code   220  lcd.o(i.LCD_DisplayDemical)
    LCD_DisplayError                         0x00002621   Thumb Code   130  lcd.o(i.LCD_DisplayError)
    LCD_Init                                 0x000026a9   Thumb Code    66  lcd.o(i.LCD_Init)
    LCD_SetNum                               0x00002701   Thumb Code   178  lcd.o(i.LCD_SetNum)
    LOG_Init                                 0x000027b9   Thumb Code    30  fsl_log.o(i.LOG_Init)
    LOG_Pop                                  0x000027d7   Thumb Code    42  fsl_log.o(i.LOG_Pop)
    LOG_Push                                 0x00002801   Thumb Code    34  fsl_log.o(i.LOG_Push)
    LPSCI_ClearStatusFlags                   0x00002835   Thumb Code    92  fsl_lpsci.o(i.LPSCI_ClearStatusFlags)
    LPSCI_GetDefaultConfig                   0x00002895   Thumb Code    42  fsl_lpsci.o(i.LPSCI_GetDefaultConfig)
    LPSCI_GetInstance                        0x000028cd   Thumb Code    48  fsl_lpsci.o(i.LPSCI_GetInstance)
    LPSCI_GetStatusFlags                     0x00002929   Thumb Code    14  fsl_lpsci.o(i.LPSCI_GetStatusFlags)
    LPSCI_Init                               0x00002939   Thumb Code   384  fsl_lpsci.o(i.LPSCI_Init)
    LPSCI_ReadBlocking                       0x00002ae9   Thumb Code   152  fsl_lpsci.o(i.LPSCI_ReadBlocking)
    LPSCI_WriteBlocking                      0x00002b91   Thumb Code    54  fsl_lpsci.o(i.LPSCI_WriteBlocking)
    SLCD_GetDefaultConfig                    0x00002c25   Thumb Code    40  fsl_slcd.o(i.SLCD_GetDefaultConfig)
    SLCD_Init                                0x00002cb9   Thumb Code   456  fsl_slcd.o(i.SLCD_Init)
    StrFormatPrintf                          0x00002ecf   Thumb Code   562  fsl_str.o(i.StrFormatPrintf)
    SysTick_Handler                          0x00003101   Thumb Code    32  main.o(i.SysTick_Handler)
    SystemInit                               0x0000312d   Thumb Code    14  system_mkl46z4.o(i.SystemInit)
    SystemInitHook                           0x00003141   Thumb Code     2  system_mkl46z4.o(i.SystemInitHook)
    UART0_DriverIRQHandler                   0x00003145   Thumb Code    16  fsl_lpsci.o(i.UART0_DriverIRQHandler)
    UART1_DriverIRQHandler                   0x00003161   Thumb Code    16  fsl_uart.o(i.UART1_DriverIRQHandler)
    UART2_DriverIRQHandler                   0x0000317d   Thumb Code    16  fsl_uart.o(i.UART2_DriverIRQHandler)
    UART_GetDefaultConfig                    0x00003199   Thumb Code    42  fsl_uart.o(i.UART_GetDefaultConfig)
    UART_GetInstance                         0x000031d1   Thumb Code    50  fsl_uart.o(i.UART_GetInstance)
    UART_GetStatusFlags                      0x00003229   Thumb Code    14  fsl_uart.o(i.UART_GetStatusFlags)
    UART_Init                                0x00003239   Thumb Code   284  fsl_uart.o(i.UART_Init)
    UART_ReadBlocking                        0x00003385   Thumb Code   118  fsl_uart.o(i.UART_ReadBlocking)
    UART_WriteBlocking                       0x00003411   Thumb Code    32  fsl_uart.o(i.UART_WriteBlocking)
    __ARM_common_switch8                     0x00003431   Thumb Code    28  lcd.o(i.__ARM_common_switch8)
    __ARM_fpclassify                         0x0000344d   Thumb Code    40  fpclassify.o(i.__ARM_fpclassify)
    __aeabi_assert                           0x00003479   Thumb Code    24  fsl_assert.o(i.__aeabi_assert)
    __kernel_poly                            0x000034bd   Thumb Code   172  poly.o(i.__kernel_poly)
    __mathlib_dbl_infnan                     0x00003569   Thumb Code    10  dunder.o(i.__mathlib_dbl_infnan)
    __mathlib_dbl_infnan2                    0x00003573   Thumb Code     8  dunder.o(i.__mathlib_dbl_infnan2)
    __mathlib_dbl_underflow                  0x0000357d   Thumb Code    14  dunder.o(i.__mathlib_dbl_underflow)
    atan                                     0x00003591   Thumb Code   472  atan.o(i.atan)
    atan2                                    0x000037ad   Thumb Code   372  atan2.o(i.atan2)
    init_GPIO                                0x00003949   Thumb Code   116  main.o(i.init_GPIO)
    init_SysTick_interrupt                   0x000039d5   Thumb Code    52  main.o(i.init_SysTick_interrupt)
    init_i2c                                 0x00003a15   Thumb Code    48  main.o(i.init_i2c)
    ledBlink                                 0x00003a4d   Thumb Code   104  main.o(i.ledBlink)
    main                                     0x00003ac5   Thumb Code   288  main.o(i.main)
    read_i2c                                 0x00003bfd   Thumb Code    44  main.o(i.read_i2c)
    send_i2c                                 0x00003c2d   Thumb Code    46  main.o(i.send_i2c)
    __aeabi_cdcmpeq                          0x00003c61   Thumb Code     0  deqf.o(x$fpl$deqf)
    _dcmpeq                                  0x00003c61   Thumb Code    94  deqf.o(x$fpl$deqf)
    __aeabi_cdcmple                          0x00003cc5   Thumb Code     0  dlef.o(x$fpl$dleqf)
    _dcmple                                  0x00003cc5   Thumb Code    94  dlef.o(x$fpl$dleqf)
    __I$use$fp                               0x00003d28   Number         0  usenofp.o(x$fpl$usenofp)
    mcgConfig_BOARD_BootClockRUN             0x00003d2c   Data          10  clock_config.o(.constdata)
    simConfig_BOARD_BootClockRUN             0x00003d38   Data           8  clock_config.o(.constdata)
    oscConfig_BOARD_BootClockRUN             0x00003d40   Data           8  clock_config.o(.constdata)
    mcgConfig_BOARD_BootClockVLPR            0x00003d48   Data          10  clock_config.o(.constdata)
    simConfig_BOARD_BootClockVLPR            0x00003d54   Data           8  clock_config.o(.constdata)
    oscConfig_BOARD_BootClockVLPR            0x00003d5c   Data           8  clock_config.o(.constdata)
    s_i2cBases                               0x00003dcc   Data           8  fsl_i2c.o(.constdata)
    __mathlib_zero                           0x00003fa8   Data           8  qnan.o(.constdata)
    Region$$Table$$Base                      0x00004270   Number         0  anon$$obj.o(Region$$Table)
    Region$$Table$$Limit                     0x00004290   Number         0  anon$$obj.o(Region$$Table)
    msTicks                                  0x1fffe000   Data           4  main.o(.data)
    redTicks                                 0x1fffe004   Data           4  main.o(.data)
    greenTicks                               0x1fffe008   Data           4  main.o(.data)
    state                                    0x1fffe00c   Data           1  main.o(.data)
    g_xtal0Freq                              0x1fffe018   Data           4  fsl_clock.o(.data)
    g_xtal32Freq                             0x1fffe01c   Data           4  fsl_clock.o(.data)
    SystemCoreClock                          0x1fffe044   Data           4  system_mkl46z4.o(.data)
    __libspace_start                         0x1fffe054   Data          96  libspace.o(.bss)
    Image$$ARM_LIB_HEAP$$ZI$$Base            0x1fffe0b4   Number         0  anon$$obj.o ABSOLUTE
    __temporary_stack_top$libspace           0x1fffe0b4   Data           0  libspace.o(.bss)
    Image$$ARM_LIB_HEAP$$ZI$$Limit           0x1fffe4b4   Number         0  anon$$obj.o ABSOLUTE
    Image$$ARM_LIB_STACK$$ZI$$Limit          0x20006000   Number         0  anon$$obj.o ABSOLUTE



==============================================================================

Memory Map of the image

  Image Entry point : 0x000004b5

  Load Region LR_m_text (Base: 0x00000000, Size: 0x000042d8, Max: 0x00040000, ABSOLUTE)

    Execution Region VECTOR_ROM (Exec base: 0x00000000, Load base: 0x00000000, Size: 0x000000c0, Max: 0x00000200, ABSOLUTE)

    Exec Addr    Load Addr    Size         Type   Attr      Idx    E Section Name        Object

    0x00000000   0x00000000   0x000000c0   Data   RO         2320    RESET               startup_mkl46z4.o


    Execution Region ER_m_flash_config (Exec base: 0x00000400, Load base: 0x00000400, Size: 0x00000010, Max: 0x00000010, ABSOLUTE, FIXED)

    Exec Addr    Load Addr    Size         Type   Attr      Idx    E Section Name        Object

    0x00000400   0x00000400   0x00000010   Data   RO         2321    FlashConfig         startup_mkl46z4.o


    Execution Region ER_m_text (Exec base: 0x00000410, Load base: 0x00000410, Size: 0x00003e80, Max: 0x0003fbf0, ABSOLUTE)

    Exec Addr    Load Addr    Size         Type   Attr      Idx    E Section Name        Object

    0x00000410   0x00000410   0x00000008   Code   RO         2452  * !!!main             c_p.l(__main.o)
    0x00000418   0x00000418   0x0000003c   Code   RO         2750    !!!scatter          c_p.l(__scatter.o)
    0x00000454   0x00000454   0x0000001a   Code   RO         2752    !!handler_copy      c_p.l(__scatter_copy.o)
    0x0000046e   0x0000046e   0x00000002   PAD
    0x00000470   0x00000470   0x0000001c   Code   RO         2754    !!handler_zi        c_p.l(__scatter_zi.o)
    0x0000048c   0x0000048c   0x00000002   Code   RO         2678    .ARM.Collect$$libinit$$00000000  c_p.l(libinit.o)
    0x0000048e   0x0000048e   0x00000000   Code   RO         2512    .ARM.Collect$$libinit$$00000002  c_p.l(libinit2.o)
    0x0000048e   0x0000048e   0x00000000   Code   RO         2514    .ARM.Collect$$libinit$$00000004  c_p.l(libinit2.o)
    0x0000048e   0x0000048e   0x00000000   Code   RO         2517    .ARM.Collect$$libinit$$0000000A  c_p.l(libinit2.o)
    0x0000048e   0x0000048e   0x00000000   Code   RO         2519    .ARM.Collect$$libinit$$0000000C  c_p.l(libinit2.o)
    0x0000048e   0x0000048e   0x00000000   Code   RO         2521    .ARM.Collect$$libinit$$0000000E  c_p.l(libinit2.o)
    0x0000048e   0x0000048e   0x00000000   Code   RO         2524    .ARM.Collect$$libinit$$00000011  c_p.l(libinit2.o)
    0x0000048e   0x0000048e   0x00000000   Code   RO         2526    .ARM.Collect$$libinit$$00000013  c_p.l(libinit2.o)
    0x0000048e   0x0000048e   0x00000000   Code   RO         2528    .ARM.Collect$$libinit$$00000015  c_p.l(libinit2.o)
    0x0000048e   0x0000048e   0x00000000   Code   RO         2530    .ARM.Collect$$libinit$$00000017  c_p.l(libinit2.o)
    0x0000048e   0x0000048e   0x00000000   Code   RO         2532    .ARM.Collect$$libinit$$00000019  c_p.l(libinit2.o)
    0x0000048e   0x0000048e   0x00000000   Code   RO         2534    .ARM.Collect$$libinit$$0000001B  c_p.l(libinit2.o)
    0x0000048e   0x0000048e   0x00000000   Code   RO         2536    .ARM.Collect$$libinit$$0000001D  c_p.l(libinit2.o)
    0x0000048e   0x0000048e   0x00000000   Code   RO         2538    .ARM.Collect$$libinit$$0000001F  c_p.l(libinit2.o)
    0x0000048e   0x0000048e   0x00000000   Code   RO         2540    .ARM.Collect$$libinit$$00000021  c_p.l(libinit2.o)
    0x0000048e   0x0000048e   0x00000000   Code   RO         2542    .ARM.Collect$$libinit$$00000023  c_p.l(libinit2.o)
    0x0000048e   0x0000048e   0x00000000   Code   RO         2544    .ARM.Collect$$libinit$$00000025  c_p.l(libinit2.o)
    0x0000048e   0x0000048e   0x00000000   Code   RO         2548    .ARM.Collect$$libinit$$0000002C  c_p.l(libinit2.o)
    0x0000048e   0x0000048e   0x00000000   Code   RO         2550    .ARM.Collect$$libinit$$0000002E  c_p.l(libinit2.o)
    0x0000048e   0x0000048e   0x00000000   Code   RO         2552    .ARM.Collect$$libinit$$00000030  c_p.l(libinit2.o)
    0x0000048e   0x0000048e   0x00000000   Code   RO         2554    .ARM.Collect$$libinit$$00000032  c_p.l(libinit2.o)
    0x0000048e   0x0000048e   0x00000002   Code   RO         2555    .ARM.Collect$$libinit$$00000033  c_p.l(libinit2.o)
    0x00000490   0x00000490   0x00000002   Code   RO         2747    .ARM.Collect$$libshutdown$$00000000  c_p.l(libshutdown.o)
    0x00000492   0x00000492   0x00000000   Code   RO         2703    .ARM.Collect$$libshutdown$$00000002  c_p.l(libshutdown2.o)
    0x00000492   0x00000492   0x00000000   Code   RO         2705    .ARM.Collect$$libshutdown$$00000004  c_p.l(libshutdown2.o)
    0x00000492   0x00000492   0x00000000   Code   RO         2707    .ARM.Collect$$libshutdown$$00000006  c_p.l(libshutdown2.o)
    0x00000492   0x00000492   0x00000000   Code   RO         2710    .ARM.Collect$$libshutdown$$00000009  c_p.l(libshutdown2.o)
    0x00000492   0x00000492   0x00000000   Code   RO         2713    .ARM.Collect$$libshutdown$$0000000C  c_p.l(libshutdown2.o)
    0x00000492   0x00000492   0x00000000   Code   RO         2715    .ARM.Collect$$libshutdown$$0000000E  c_p.l(libshutdown2.o)
    0x00000492   0x00000492   0x00000000   Code   RO         2718    .ARM.Collect$$libshutdown$$00000011  c_p.l(libshutdown2.o)
    0x00000492   0x00000492   0x00000002   Code   RO         2719    .ARM.Collect$$libshutdown$$00000012  c_p.l(libshutdown2.o)
    0x00000494   0x00000494   0x00000000   Code   RO         2477    .ARM.Collect$$rtentry$$00000000  c_p.l(__rtentry.o)
    0x00000494   0x00000494   0x00000000   Code   RO         2592    .ARM.Collect$$rtentry$$00000002  c_p.l(__rtentry2.o)
    0x00000494   0x00000494   0x00000004   Code   RO         2606    .ARM.Collect$$rtentry$$00000007  c_p.l(__rtentry7.o)
    0x00000498   0x00000498   0x00000000   Code   RO         2594    .ARM.Collect$$rtentry$$00000009  c_p.l(__rtentry2.o)
    0x00000498   0x00000498   0x00000004   Code   RO         2595    .ARM.Collect$$rtentry$$0000000A  c_p.l(__rtentry2.o)
    0x0000049c   0x0000049c   0x00000000   Code   RO         2597    .ARM.Collect$$rtentry$$0000000C  c_p.l(__rtentry2.o)
    0x0000049c   0x0000049c   0x00000008   Code   RO         2598    .ARM.Collect$$rtentry$$0000000D  c_p.l(__rtentry2.o)
    0x000004a4   0x000004a4   0x00000004   Code   RO         2607    .ARM.Collect$$rtentry$$00002718  c_p.l(__rtentry7.o)
    0x000004a8   0x000004a8   0x00000002   Code   RO         2686    .ARM.Collect$$rtexit$$00000000  c_p.l(rtexit.o)
    0x000004aa   0x000004aa   0x00000000   Code   RO         2723    .ARM.Collect$$rtexit$$00000002  c_p.l(rtexit2.o)
    0x000004aa   0x000004aa   0x00000004   Code   RO         2724    .ARM.Collect$$rtexit$$00000003  c_p.l(rtexit2.o)
    0x000004ae   0x000004ae   0x00000006   Code   RO         2725    .ARM.Collect$$rtexit$$00000004  c_p.l(rtexit2.o)
    0x000004b4   0x000004b4   0x0000009c   Code   RO         2322  * .text               startup_mkl46z4.o
    0x00000550   0x00000550   0x00000044   Code   RO         2440    .text               c_p.l(strlen.o)
    0x00000594   0x00000594   0x00000040   Code   RO         2446    .text               c_p.l(rt_memclr.o)
    0x000005d4   0x000005d4   0x0000015a   Code   RO         2448    .text               c_p.l(aeabi_sdiv.o)
    0x0000072e   0x0000072e   0x00000002   PAD
    0x00000730   0x00000730   0x00000358   Code   RO         2454    .text               fz_ps.l(daddsub.o)
    0x00000a88   0x00000a88   0x00000448   Code   RO         2456    .text               fz_ps.l(ddiv.o)
    0x00000ed0   0x00000ed0   0x00000048   Code   RO         2459    .text               fz_ps.l(dfixui.o)
    0x00000f18   0x00000f18   0x00000058   Code   RO         2461    .text               fz_ps.l(dflti.o)
    0x00000f70   0x00000f70   0x00000248   Code   RO         2465    .text               fz_ps.l(dmul.o)
    0x000011b8   0x000011b8   0x00000016   Code   RO         2507    .text               c_p.l(_rserrno.o)
    0x000011ce   0x000011ce   0x00000002   PAD
    0x000011d0   0x000011d0   0x00000090   Code   RO         2556    .text               fz_ps.l(dcmpin.o)
    0x00001260   0x00001260   0x00000008   Code   RO         2616    .text               c_p.l(rt_errno_addr_intlibspace.o)
    0x00001268   0x00001268   0x0000002e   Code   RO         2637    .text               fz_ps.l(cmpret.o)
    0x00001296   0x00001296   0x00000002   PAD
    0x00001298   0x00001298   0x00000014   Code   RO         2639    .text               fz_ps.l(dnan2.o)
    0x000012ac   0x000012ac   0x00000060   Code   RO         2641    .text               fz_ps.l(dscalbn.o)
    0x0000130c   0x0000130c   0x00000002   Code   RO         2649    .text               c_p.l(use_no_semi.o)
    0x0000130e   0x0000130e   0x00000000   Code   RO         2651    .text               c_p.l(indicate_semi.o)
    0x0000130e   0x0000130e   0x00000010   Code   RO         2659    .text               c_p.l(exit.o)
    0x0000131e   0x0000131e   0x0000005e   Code   RO         2679    .text               fz_ps.l(retnan.o)
    0x0000137c   0x0000137c   0x0000000c   Code   RO         2681    .text               c_p.l(sys_exit.o)
    0x00001388   0x00001388   0x0000006c   Code   RO          297    i.BOARD_BootClockRUN  clock_config.o
    0x000013f4   0x000013f4   0x00000038   Code   RO          362    i.BOARD_I2C_ConfigurePins  pin_mux.o
    0x0000142c   0x0000142c   0x0000003c   Code   RO          263    i.BOARD_InitDebugConsole  board.o
    0x00001468   0x00001468   0x00000038   Code   RO          364    i.BOARD_InitPins    pin_mux.o
    0x000014a0   0x000014a0   0x0000005c   Code   RO          425    i.CLOCK_BootToPeeMode  fsl_clock.o
    0x000014fc   0x000014fc   0x0000001c   Code   RO          300    i.CLOCK_CONFIG_SetFllExtRefDiv  clock_config.o
    0x00001518   0x00001518   0x00000018   Code   RO          365    i.CLOCK_EnableClock  pin_mux.o
    0x00001530   0x00001530   0x00000018   Code   RO         1195    i.CLOCK_EnableClock  fsl_i2c.o
    0x00001548   0x00001548   0x00000068   Code   RO          429    i.CLOCK_EnablePll0  fsl_clock.o
    0x000015b0   0x000015b0   0x00000078   Code   RO          435    i.CLOCK_GetEr32kClkFreq  fsl_clock.o
    0x00001628   0x00001628   0x0000001e   Code   RO          436    i.CLOCK_GetFixedFreqClkFreq  fsl_clock.o
    0x00001646   0x00001646   0x00000002   PAD
    0x00001648   0x00001648   0x00000074   Code   RO          438    i.CLOCK_GetFllExtRefClkFreq  fsl_clock.o
    0x000016bc   0x000016bc   0x00000058   Code   RO          439    i.CLOCK_GetFllFreq  fsl_clock.o
    0x00001714   0x00001714   0x00000024   Code   RO          440    i.CLOCK_GetFllRefClkFreq  fsl_clock.o
    0x00001738   0x00001738   0x000000b0   Code   RO          441    i.CLOCK_GetFreq     fsl_clock.o
    0x000017e8   0x000017e8   0x0000001c   Code   RO          442    i.CLOCK_GetInternalRefClkFreq  fsl_clock.o
    0x00001804   0x00001804   0x00000030   Code   RO          443    i.CLOCK_GetInternalRefClkSelectFreq  fsl_clock.o
    0x00001834   0x00001834   0x00000030   Code   RO          444    i.CLOCK_GetMcgExtClkFreq  fsl_clock.o
    0x00001864   0x00001864   0x00000048   Code   RO          446    i.CLOCK_GetOsc0ErClkFreq  fsl_clock.o
    0x000018ac   0x000018ac   0x00000024   Code   RO          447    i.CLOCK_GetOscRangeFromFreq  fsl_clock.o
    0x000018d0   0x000018d0   0x00000040   Code   RO          448    i.CLOCK_GetOutClkFreq  fsl_clock.o
    0x00001910   0x00001910   0x00000060   Code   RO          450    i.CLOCK_GetPll0Freq  fsl_clock.o
    0x00001970   0x00001970   0x00000008   Code   RO          451    i.CLOCK_GetPll0RefFreq  fsl_clock.o
    0x00001978   0x00001978   0x00000038   Code   RO          452    i.CLOCK_GetPllFllSelClkFreq  fsl_clock.o
    0x000019b0   0x000019b0   0x00000078   Code   RO          454    i.CLOCK_InitOsc0    fsl_clock.o
    0x00001a28   0x00001a28   0x00000006   Code   RO          458    i.CLOCK_SetExternalRefClkConfig  fsl_clock.o
    0x00001a2e   0x00001a2e   0x00000002   PAD
    0x00001a30   0x00001a30   0x000000ac   Code   RO          463    i.CLOCK_SetInternalRefClkConfig  fsl_clock.o
    0x00001adc   0x00001adc   0x00000090   Code   RO          466    i.CLOCK_SetPbeMode  fsl_clock.o
    0x00001b6c   0x00001b6c   0x00000050   Code   RO          469    i.CLOCK_SetSimConfig  fsl_clock.o
    0x00001bbc   0x00001bbc   0x000000c4   Code   RO         2283    i.ConvertRadixNumToString  fsl_str.o
    0x00001c80   0x00001c80   0x00000058   Code   RO         2069    i.DbgConsole_Init   fsl_debug_console.o
    0x00001cd8   0x00001cd8   0x00000044   Code   RO         2070    i.DbgConsole_Printf  fsl_debug_console.o
    0x00001d1c   0x00001d1c   0x0000003a   Code   RO         2072    i.DbgConsole_RelocateLog  fsl_debug_console.o
    0x00001d56   0x00001d56   0x00000002   PAD
    0x00001d58   0x00001d58   0x00000018   Code   RO            5    i.Delay             main.o
    0x00001d70   0x00001d70   0x00000018   Code   RO         1197    i.I2C0_DriverIRQHandler  fsl_i2c.o
    0x00001d88   0x00001d88   0x00000018   Code   RO         1198    i.I2C1_DriverIRQHandler  fsl_i2c.o
    0x00001da0   0x00001da0   0x00000028   Code   RO         1199    i.I2C_CheckAndClearError  fsl_i2c.o
    0x00001dc8   0x00001dc8   0x0000005c   Code   RO         1203    i.I2C_GetInstance   fsl_i2c.o
    0x00001e24   0x00001e24   0x0000002c   Code   RO         1205    i.I2C_MasterClearStatusFlags  fsl_i2c.o
    0x00001e50   0x00001e50   0x00000040   Code   RO         1207    i.I2C_MasterGetDefaultConfig  fsl_i2c.o
    0x00001e90   0x00001e90   0x00000022   Code   RO         1208    i.I2C_MasterGetStatusFlags  fsl_i2c.o
    0x00001eb2   0x00001eb2   0x00000002   PAD
    0x00001eb4   0x00001eb4   0x000000b4   Code   RO         1209    i.I2C_MasterInit    fsl_i2c.o
    0x00001f68   0x00001f68   0x00000092   Code   RO         1210    i.I2C_MasterReadBlocking  fsl_i2c.o
    0x00001ffa   0x00001ffa   0x00000002   PAD
    0x00001ffc   0x00001ffc   0x0000006c   Code   RO         1211    i.I2C_MasterRepeatedStart  fsl_i2c.o
    0x00002068   0x00002068   0x0000008c   Code   RO         1212    i.I2C_MasterSetBaudRate  fsl_i2c.o
    0x000020f4   0x000020f4   0x00000044   Code   RO         1213    i.I2C_MasterStart   fsl_i2c.o
    0x00002138   0x00002138   0x0000001a   Code   RO         1214    i.I2C_MasterStop    fsl_i2c.o
    0x00002152   0x00002152   0x00000002   PAD
    0x00002154   0x00002154   0x00000198   Code   RO         1216    i.I2C_MasterTransferBlocking  fsl_i2c.o
    0x000022ec   0x000022ec   0x000000a8   Code   RO         1222    i.I2C_MasterWriteBlocking  fsl_i2c.o
    0x00002394   0x00002394   0x00000040   Code   RO         1234    i.I2C_TransferCommonIRQHandler  fsl_i2c.o
    0x000023d4   0x000023d4   0x000000f8   Code   RO         2163    i.IO_Init           fsl_io.o
    0x000024cc   0x000024cc   0x00000070   Code   RO         2164    i.IO_Transfer       fsl_io.o
    0x0000253c   0x0000253c   0x000000e4   Code   RO          160    i.LCD_DisplayDemical  lcd.o
    0x00002620   0x00002620   0x00000088   Code   RO          161    i.LCD_DisplayError  lcd.o
    0x000026a8   0x000026a8   0x00000058   Code   RO          163    i.LCD_Init          lcd.o
    0x00002700   0x00002700   0x000000b8   Code   RO          164    i.LCD_SetNum        lcd.o
    0x000027b8   0x000027b8   0x0000001e   Code   RO         2216    i.LOG_Init          fsl_log.o
    0x000027d6   0x000027d6   0x0000002a   Code   RO         2217    i.LOG_Pop           fsl_log.o
    0x00002800   0x00002800   0x00000034   Code   RO         2218    i.LOG_Push          fsl_log.o
    0x00002834   0x00002834   0x00000060   Code   RO         1459    i.LPSCI_ClearStatusFlags  fsl_lpsci.o
    0x00002894   0x00002894   0x00000038   Code   RO         1463    i.LPSCI_GetDefaultConfig  fsl_lpsci.o
    0x000028cc   0x000028cc   0x0000005c   Code   RO         1465    i.LPSCI_GetInstance  fsl_lpsci.o
    0x00002928   0x00002928   0x0000000e   Code   RO         1466    i.LPSCI_GetStatusFlags  fsl_lpsci.o
    0x00002936   0x00002936   0x00000002   PAD
    0x00002938   0x00002938   0x000001b0   Code   RO         1467    i.LPSCI_Init        fsl_lpsci.o
    0x00002ae8   0x00002ae8   0x000000a8   Code   RO         1468    i.LPSCI_ReadBlocking  fsl_lpsci.o
    0x00002b90   0x00002b90   0x00000048   Code   RO         1484    i.LPSCI_WriteBlocking  fsl_lpsci.o
    0x00002bd8   0x00002bd8   0x00000030   Code   RO          366    i.PORT_SetPinConfig  pin_mux.o
    0x00002c08   0x00002c08   0x0000001c   Code   RO          367    i.PORT_SetPinMux    pin_mux.o
    0x00002c24   0x00002c24   0x00000038   Code   RO         1652    i.SLCD_GetDefaultConfig  fsl_slcd.o
    0x00002c5c   0x00002c5c   0x0000005c   Code   RO         1653    i.SLCD_GetInstance  fsl_slcd.o
    0x00002cb8   0x00002cb8   0x000001fc   Code   RO         1655    i.SLCD_Init         fsl_slcd.o
    0x00002eb4   0x00002eb4   0x00000008   Code   RO          169    i.SLCD_SetBackPlanePhase  lcd.o
    0x00002ebc   0x00002ebc   0x00000008   Code   RO          170    i.SLCD_SetFrontPlaneSegments  lcd.o
    0x00002ec4   0x00002ec4   0x0000000a   Code   RO          171    i.SLCD_StartDisplay  lcd.o
    0x00002ece   0x00002ece   0x00000232   Code   RO         2285    i.StrFormatPrintf   fsl_str.o
    0x00003100   0x00003100   0x0000002c   Code   RO            6    i.SysTick_Handler   main.o
    0x0000312c   0x0000312c   0x00000014   Code   RO         2329    i.SystemInit        system_mkl46z4.o
    0x00003140   0x00003140   0x00000002   Code   RO         2330    i.SystemInitHook    system_mkl46z4.o
    0x00003142   0x00003142   0x00000002   PAD
    0x00003144   0x00003144   0x0000001c   Code   RO         1486    i.UART0_DriverIRQHandler  fsl_lpsci.o
    0x00003160   0x00003160   0x0000001c   Code   RO         1838    i.UART1_DriverIRQHandler  fsl_uart.o
    0x0000317c   0x0000317c   0x0000001c   Code   RO         1840    i.UART2_DriverIRQHandler  fsl_uart.o
    0x00003198   0x00003198   0x00000038   Code   RO         1846    i.UART_GetDefaultConfig  fsl_uart.o
    0x000031d0   0x000031d0   0x00000058   Code   RO         1848    i.UART_GetInstance  fsl_uart.o
    0x00003228   0x00003228   0x0000000e   Code   RO         1849    i.UART_GetStatusFlags  fsl_uart.o
    0x00003236   0x00003236   0x00000002   PAD
    0x00003238   0x00003238   0x0000014c   Code   RO         1850    i.UART_Init         fsl_uart.o
    0x00003384   0x00003384   0x0000008c   Code   RO         1851    i.UART_ReadBlocking  fsl_uart.o
    0x00003410   0x00003410   0x00000020   Code   RO         1867    i.UART_WriteBlocking  fsl_uart.o
    0x00003430   0x00003430   0x0000001c   Code   RO          250    i.__ARM_common_switch8  lcd.o
    0x0000344c   0x0000344c   0x0000002c   Code   RO         2645    i.__ARM_fpclassify  m_ps.l(fpclassify.o)
    0x00003478   0x00003478   0x00000044   Code   RO         2043    i.__aeabi_assert    fsl_assert.o
    0x000034bc   0x000034bc   0x000000ac   Code   RO         2647    i.__kernel_poly     m_ps.l(poly.o)
    0x00003568   0x00003568   0x0000000a   Code   RO         2572    i.__mathlib_dbl_infnan  m_ps.l(dunder.o)
    0x00003572   0x00003572   0x00000008   Code   RO         2573    i.__mathlib_dbl_infnan2  m_ps.l(dunder.o)
    0x0000357a   0x0000357a   0x00000002   PAD
    0x0000357c   0x0000357c   0x00000014   Code   RO         2577    i.__mathlib_dbl_underflow  m_ps.l(dunder.o)
    0x00003590   0x00003590   0x0000021c   Code   RO         2562    i.atan              m_ps.l(atan.o)
    0x000037ac   0x000037ac   0x0000019c   Code   RO         2468    i.atan2             m_ps.l(atan2.o)
    0x00003948   0x00003948   0x0000008c   Code   RO            7    i.init_GPIO         main.o
    0x000039d4   0x000039d4   0x00000040   Code   RO            8    i.init_SysTick_interrupt  main.o
    0x00003a14   0x00003a14   0x00000038   Code   RO            9    i.init_i2c          main.o
    0x00003a4c   0x00003a4c   0x00000078   Code   RO           10    i.ledBlink          main.o
    0x00003ac4   0x00003ac4   0x00000138   Code   RO           12    i.main              main.o
    0x00003bfc   0x00003bfc   0x00000030   Code   RO           13    i.read_i2c          main.o
    0x00003c2c   0x00003c2c   0x00000034   Code   RO           14    i.send_i2c          main.o
    0x00003c60   0x00003c60   0x00000064   Code   RO         2558    x$fpl$deqf          fz_ps.l(deqf.o)
    0x00003cc4   0x00003cc4   0x00000064   Code   RO         2463    x$fpl$dleqf         fz_ps.l(dlef.o)
    0x00003d28   0x00003d28   0x00000000   Code   RO         2560    x$fpl$usenofp       fz_ps.l(usenofp.o)
    0x00003d28   0x00003d28   0x00000004   Data   RO          173    .constdata          lcd.o
    0x00003d2c   0x00003d2c   0x00000038   Data   RO          301    .constdata          clock_config.o
    0x00003d64   0x00003d64   0x00000006   Data   RO          368    .constdata          pin_mux.o
    0x00003d6a   0x00003d6a   0x00000002   PAD
    0x00003d6c   0x00003d6c   0x00000060   Data   RO          471    .constdata          fsl_clock.o
    0x00003dcc   0x00003dcc   0x00000094   Data   RO         1235    .constdata          fsl_i2c.o
    0x00003e60   0x00003e60   0x0000000c   Data   RO         1487    .constdata          fsl_lpsci.o
    0x00003e6c   0x00003e6c   0x00000008   Data   RO         1657    .constdata          fsl_slcd.o
    0x00003e74   0x00003e74   0x0000001c   Data   RO         1870    .constdata          fsl_uart.o
    0x00003e90   0x00003e90   0x00000080   Data   RO         2457    .constdata          fz_ps.l(ddiv.o)
    0x00003f10   0x00003f10   0x00000098   Data   RO         2563    .constdata          m_ps.l(atan.o)
    0x00003fa8   0x00003fa8   0x00000008   Data   RO         2585    .constdata          m_ps.l(qnan.o)
    0x00003fb0   0x00003fb0   0x0000004b   Data   RO          369    .conststring        pin_mux.o
    0x00003ffb   0x00003ffb   0x00000001   PAD
    0x00003ffc   0x00003ffc   0x0000004c   Data   RO          472    .conststring        fsl_clock.o
    0x00004048   0x00004048   0x0000004a   Data   RO         1236    .conststring        fsl_i2c.o
    0x00004092   0x00004092   0x00000002   PAD
    0x00004094   0x00004094   0x0000004c   Data   RO         1488    .conststring        fsl_lpsci.o
    0x000040e0   0x000040e0   0x0000004b   Data   RO         1658    .conststring        fsl_slcd.o
    0x0000412b   0x0000412b   0x00000001   PAD
    0x0000412c   0x0000412c   0x0000004b   Data   RO         1871    .conststring        fsl_uart.o
    0x00004177   0x00004177   0x00000001   PAD
    0x00004178   0x00004178   0x00000056   Data   RO         2076    .conststring        fsl_debug_console.o
    0x000041ce   0x000041ce   0x00000002   PAD
    0x000041d0   0x000041d0   0x0000004e   Data   RO         2166    .conststring        fsl_io.o
    0x0000421e   0x0000421e   0x00000002   PAD
    0x00004220   0x00004220   0x00000050   Data   RO         2223    .conststring        fsl_log.o
    0x00004270   0x00004270   0x00000020   Data   RO         2748    Region$$Table       anon$$obj.o


    Execution Region RW_m_data (Exec base: 0x1fffe000, Load base: 0x00004290, Size: 0x000000b4, Max: 0x00007800, ABSOLUTE)

    Exec Addr    Load Addr    Size         Type   Attr      Idx    E Section Name        Object

    0x1fffe000   0x00004290   0x0000000d   Data   RW           15    .data               main.o
    0x1fffe00d   0x0000429d   0x00000003   PAD
    0x1fffe010   0x000042a0   0x00000010   Data   RW          473    .data               fsl_clock.o
    0x1fffe020   0x000042b0   0x00000010   Data   RW         1237    .data               fsl_i2c.o
    0x1fffe030   0x000042c0   0x00000008   Data   RW         1489    .data               fsl_lpsci.o
    0x1fffe038   0x000042c8   0x00000004   Data   RW         1872    .data               fsl_uart.o
    0x1fffe03c   0x000042cc   0x00000008   Data   RW         2167    .data               fsl_io.o
    0x1fffe044   0x000042d4   0x00000004   Data   RW         2331    .data               system_mkl46z4.o
    0x1fffe048        -       0x0000000c   Zero   RW         1869    .bss                fsl_uart.o
    0x1fffe054        -       0x00000060   Zero   RW         2589    .bss                c_p.l(libspace.o)


    Execution Region ARM_LIB_HEAP (Exec base: 0x1fffe0b4, Load base: 0x000042d8, Size: 0x00000400, Max: 0x00000400, ABSOLUTE)

    Exec Addr    Load Addr    Size         Type   Attr      Idx    E Section Name        Object

    0x1fffe0b4        -       0x00000400   Zero   RW            1    ARM_LIB_HEAP.bss    anon$$obj.o


    Execution Region ARM_LIB_STACK (Exec base: 0x20005c00, Load base: 0x000042d8, Size: 0x00000400, Max: 0x00000400, ABSOLUTE)

    Exec Addr    Load Addr    Size         Type   Attr      Idx    E Section Name        Object

    0x20005c00        -       0x00000400   Zero   RW            2    ARM_LIB_STACK.bss   anon$$obj.o


==============================================================================

Image component sizes


      Code (inc. data)   RO Data    RW Data    ZI Data      Debug   Object Name

        60          8          0          0          0       6768   board.o
       136         40         56          0          0       8563   clock_config.o
        68         44          0          0          0        645   fsl_assert.o
      1740        272        172         16          0      28400   fsl_clock.o
       214         54         86          0          0       3842   fsl_debug_console.o
      1654        194        222         16          0      26140   fsl_i2c.o
       360         26         78          8          0       9384   fsl_io.o
       124         18         80          0          0       3592   fsl_log.o
       958        156         88          8          0      14114   fsl_lpsci.o
       656        112         83          0          0      20592   fsl_slcd.o
       758          0          0          0          0       3250   fsl_str.o
       718        146        103          4         12       9412   fsl_uart.o
       690         54          4          0          0       9028   lcd.o
       860        112          0         13          0     300923   main.o
       212         44         81          0          0      10670   pin_mux.o
       156         70        208          0          0       1148   startup_mkl46z4.o
        22          6          0          4          0       1068   system_mkl46z4.o

    ----------------------------------------------------------------------
      9404       1356       1304         72       2060     457539   Object Totals
         0          0         32          0       2048          0   (incl. Generated)
        18          0         11          3          0          0   (incl. Padding)

    ----------------------------------------------------------------------

      Code (inc. data)   RO Data    RW Data    ZI Data      Debug   Library Member Name

         8          0          0          0          0         68   __main.o
         0          0          0          0          0          0   __rtentry.o
        12          0          0          0          0          0   __rtentry2.o
         8          4          0          0          0          0   __rtentry7.o
        60          8          0          0          0          0   __scatter.o
        26          0          0          0          0          0   __scatter_copy.o
        28          0          0          0          0          0   __scatter_zi.o
        22          0          0          0          0         92   _rserrno.o
       346          0          0          0          0         92   aeabi_sdiv.o
        16          0          0          0          0         68   exit.o
         0          0          0          0          0          0   indicate_semi.o
         2          0          0          0          0          0   libinit.o
         2          0          0          0          0          0   libinit2.o
         2          0          0          0          0          0   libshutdown.o
         2          0          0          0          0          0   libshutdown2.o
         0          0          0          0         96          0   libspace.o
         8          4          0          0          0         68   rt_errno_addr_intlibspace.o
        64          0          0          0          0        108   rt_memclr.o
         2          0          0          0          0          0   rtexit.o
        10          0          0          0          0          0   rtexit2.o
        68          6          0          0          0         72   strlen.o
        12          4          0          0          0         60   sys_exit.o
         2          0          0          0          0         68   use_no_semi.o
        46          0          0          0          0         60   cmpret.o
       856         20          0          0          0        208   daddsub.o
       144          4          0          0          0         76   dcmpin.o
      1096         26        128          0          0        112   ddiv.o
       100          4          0          0          0         92   deqf.o
        72          4          0          0          0         68   dfixui.o
        88          0          0          0          0         92   dflti.o
       100          4          0          0          0         92   dlef.o
       584         26          0          0          0         84   dmul.o
        20          6          0          0          0         68   dnan2.o
        96         12          0          0          0         72   dscalbn.o
        94          0          0          0          0         68   retnan.o
         0          0          0          0          0          0   usenofp.o
       540         68        152          0          0        112   atan.o
       412         40          0          0          0        144   atan2.o
        38          6          0          0          0        204   dunder.o
        44          4          0          0          0         60   fpclassify.o
       172          0          0          0          0         76   poly.o
         0          0          8          0          0          0   qnan.o

    ----------------------------------------------------------------------
      5212        250        288          0         96       2384   Library Totals
        10          0          0          0          0          0   (incl. Padding)

    ----------------------------------------------------------------------

      Code (inc. data)   RO Data    RW Data    ZI Data      Debug   Library Name

       700         26          0          0         96        696   c_p.l
      3296        106        128          0          0       1092   fz_ps.l
      1206        118        160          0          0        596   m_ps.l

    ----------------------------------------------------------------------
      5212        250        288          0         96       2384   Library Totals

    ----------------------------------------------------------------------

==============================================================================


      Code (inc. data)   RO Data    RW Data    ZI Data      Debug   

     14616       1606       1592         72       2156     454755   Grand Totals
     14616       1606       1592         72       2156     454755   ELF Image Totals
     14616       1606       1592         72          0          0   ROM Totals

==============================================================================

    Total RO  Size (Code + RO Data)                16208 (  15.83kB)
    Total RW  Size (RW Data + ZI Data)              2228 (   2.18kB)
    Total ROM Size (Code + RO Data + RW Data)      16280 (  15.90kB)

==============================================================================

